Component: ARM Compiler 5.06 update 5 (build 528) Tool: armlink [4d35e2]

==============================================================================

Section Cross References

    main.o(i.main) refers to stm32f10x_rcc.o(i.RCC_APB2PeriphClockCmd) for RCC_APB2PeriphClockCmd
    main.o(i.main) refers to stm32f10x_gpio.o(i.GPIO_Init) for GPIO_Init
    main.o(i.main) refers to stm32f10x_gpio.o(i.GPIO_SetBits) for GPIO_SetBits
    main.o(i.main) refers to delay.o(i.delay_init) for delay_init
    main.o(i.main) refers to oled.o(i.u8g2_Init) for u8g2_Init
    main.o(i.main) refers to u8g2_buffer.o(i.u8g2_FirstPage) for u8g2_FirstPage
    main.o(i.main) refers to u8ge_test.o(i.u8g2DrawTest) for u8g2DrawTest
    main.o(i.main) refers to stm32f10x_gpio.o(i.GPIO_ResetBits) for GPIO_ResetBits
    main.o(i.main) refers to delay.o(i.delay_ms) for delay_ms
    main.o(i.main) refers to u8g2_buffer.o(i.u8g2_NextPage) for u8g2_NextPage
    main.o(i.main) refers to main.o(.bss) for u8g2
    system_stm32f10x.o(i.SetSysClock) refers to system_stm32f10x.o(i.SetSysClockTo72) for SetSysClockTo72
    system_stm32f10x.o(i.SystemCoreClockUpdate) refers to system_stm32f10x.o(.data) for SystemCoreClock
    system_stm32f10x.o(i.SystemInit) refers to system_stm32f10x.o(i.SetSysClock) for SetSysClock
    delay.o(i.delay_init) refers to misc.o(i.SysTick_CLKSourceConfig) for SysTick_CLKSourceConfig
    delay.o(i.delay_init) refers to system_stm32f10x.o(.data) for SystemCoreClock
    delay.o(i.delay_init) refers to delay.o(.data) for fac_us
    delay.o(i.delay_ms) refers to delay.o(.data) for fac_ms
    delay.o(i.delay_us) refers to delay.o(.data) for fac_us
    usart.o(i.USART1_IRQHandler) refers (Special) to use_no_semi_2.o(.text) for __use_no_semihosting
    usart.o(i.USART1_IRQHandler) refers to stm32f10x_usart.o(i.USART_GetITStatus) for USART_GetITStatus
    usart.o(i.USART1_IRQHandler) refers to stm32f10x_usart.o(i.USART_ReceiveData) for USART_ReceiveData
    usart.o(i.USART1_IRQHandler) refers to usart.o(.data) for USART_RX_STA
    usart.o(i.USART1_IRQHandler) refers to usart.o(.bss) for USART_RX_BUF
    usart.o(i._sys_exit) refers (Special) to use_no_semi_2.o(.text) for __use_no_semihosting
    usart.o(i.fputc) refers (Special) to use_no_semi_2.o(.text) for __use_no_semihosting
    usart.o(i.uart_init) refers (Special) to use_no_semi_2.o(.text) for __use_no_semihosting
    usart.o(i.uart_init) refers to stm32f10x_rcc.o(i.RCC_APB2PeriphClockCmd) for RCC_APB2PeriphClockCmd
    usart.o(i.uart_init) refers to stm32f10x_gpio.o(i.GPIO_Init) for GPIO_Init
    usart.o(i.uart_init) refers to misc.o(i.NVIC_Init) for NVIC_Init
    usart.o(i.uart_init) refers to stm32f10x_usart.o(i.USART_Init) for USART_Init
    usart.o(i.uart_init) refers to stm32f10x_usart.o(i.USART_ITConfig) for USART_ITConfig
    usart.o(i.uart_init) refers to stm32f10x_usart.o(i.USART_Cmd) for USART_Cmd
    usart.o(.bss) refers (Special) to use_no_semi_2.o(.text) for __use_no_semihosting
    usart.o(.data) refers (Special) to use_no_semi_2.o(.text) for __use_no_semihosting
    startup_stm32f10x_hd.o(STACK) refers (Special) to heapauxi.o(.text) for __use_two_region_memory
    startup_stm32f10x_hd.o(HEAP) refers (Special) to heapauxi.o(.text) for __use_two_region_memory
    startup_stm32f10x_hd.o(RESET) refers (Special) to heapauxi.o(.text) for __use_two_region_memory
    startup_stm32f10x_hd.o(RESET) refers to startup_stm32f10x_hd.o(STACK) for __initial_sp
    startup_stm32f10x_hd.o(RESET) refers to startup_stm32f10x_hd.o(.text) for Reset_Handler
    startup_stm32f10x_hd.o(RESET) refers to stm32f10x_it.o(i.NMI_Handler) for NMI_Handler
    startup_stm32f10x_hd.o(RESET) refers to stm32f10x_it.o(i.HardFault_Handler) for HardFault_Handler
    startup_stm32f10x_hd.o(RESET) refers to stm32f10x_it.o(i.MemManage_Handler) for MemManage_Handler
    startup_stm32f10x_hd.o(RESET) refers to stm32f10x_it.o(i.BusFault_Handler) for BusFault_Handler
    startup_stm32f10x_hd.o(RESET) refers to stm32f10x_it.o(i.UsageFault_Handler) for UsageFault_Handler
    startup_stm32f10x_hd.o(RESET) refers to stm32f10x_it.o(i.SVC_Handler) for SVC_Handler
    startup_stm32f10x_hd.o(RESET) refers to stm32f10x_it.o(i.DebugMon_Handler) for DebugMon_Handler
    startup_stm32f10x_hd.o(RESET) refers to stm32f10x_it.o(i.PendSV_Handler) for PendSV_Handler
    startup_stm32f10x_hd.o(RESET) refers to stm32f10x_it.o(i.SysTick_Handler) for SysTick_Handler
    startup_stm32f10x_hd.o(RESET) refers to usart.o(i.USART1_IRQHandler) for USART1_IRQHandler
    startup_stm32f10x_hd.o(.text) refers (Special) to heapauxi.o(.text) for __use_two_region_memory
    startup_stm32f10x_hd.o(.text) refers to system_stm32f10x.o(i.SystemInit) for SystemInit
    startup_stm32f10x_hd.o(.text) refers to __main.o(!!!main) for __main
    startup_stm32f10x_hd.o(.text) refers to startup_stm32f10x_hd.o(HEAP) for Heap_Mem
[...]
    ..\STM32F10x_FWLib\src\stm32f10x_usart.c 0x00000000   Number         0  stm32f10x_usart.o ABSOLUTE
    ..\STM32F10x_FWLib\src\stm32f10x_wwdg.c  0x00000000   Number         0  stm32f10x_wwdg.o ABSOLUTE
    ..\SYSTEM\delay\delay.c                  0x00000000   Number         0  delay.o ABSOLUTE
    ..\SYSTEM\sys\sys.c                      0x00000000   Number         0  sys.o ABSOLUTE
    ..\SYSTEM\usart\usart.c                  0x00000000   Number         0  usart.o ABSOLUTE
    ..\\CORE\\core_cm3.c                     0x00000000   Number         0  core_cm3.o ABSOLUTE
    ..\\SYSTEM\\sys\\sys.c                   0x00000000   Number         0  sys.o ABSOLUTE
    dc.s                                     0x00000000   Number         0  dc.o ABSOLUTE
    main.c                                   0x00000000   Number         0  main.o ABSOLUTE
    stm32f10x_it.c                           0x00000000   Number         0  stm32f10x_it.o ABSOLUTE
    system_stm32f10x.c                       0x00000000   Number         0  system_stm32f10x.o ABSOLUTE
    RESET                                    0x08000000   Section      304  startup_stm32f10x_hd.o(RESET)
    !!!main                                  0x08000130   Section        8  __main.o(!!!main)
    !!!scatter                               0x08000138   Section       52  __scatter.o(!!!scatter)
    !!handler_copy                           0x0800016c   Section       26  __scatter_copy.o(!!handler_copy)
    !!handler_zi                             0x08000188   Section       28  __scatter_zi.o(!!handler_zi)
    .ARM.Collect$$_printf_percent$$00000000  0x080001a4   Section        0  _printf_percent.o(.ARM.Collect$$_printf_percent$$00000000)
    .ARM.Collect$$_printf_percent$$00000009  0x080001a4   Section        6  _printf_d.o(.ARM.Collect$$_printf_percent$$00000009)
    .ARM.Collect$$_printf_percent$$00000017  0x080001aa   Section        4  _printf_percent_end.o(.ARM.Collect$$_printf_percent$$00000017)
    .ARM.Collect$$libinit$$00000000          0x080001ae   Section        2  libinit.o(.ARM.Collect$$libinit$$00000000)
    .ARM.Collect$$libinit$$00000002          0x080001b0   Section        0  libinit2.o(.ARM.Collect$$libinit$$00000002)
    .ARM.Collect$$libinit$$00000004          0x080001b0   Section        0  libinit2.o(.ARM.Collect$$libinit$$00000004)
    .ARM.Collect$$libinit$$0000000A          0x080001b0   Section        0  libinit2.o(.ARM.Collect$$libinit$$0000000A)
    .ARM.Collect$$libinit$$0000000C          0x080001b0   Section        0  libinit2.o(.ARM.Collect$$libinit$$0000000C)
    .ARM.Collect$$libinit$$0000000E          0x080001b0   Section        0  libinit2.o(.ARM.Collect$$libinit$$0000000E)
    .ARM.Collect$$libinit$$00000011          0x080001b0   Section        0  libinit2.o(.ARM.Collect$$libinit$$00000011)
    .ARM.Collect$$libinit$$00000013          0x080001b0   Section        0  libinit2.o(.ARM.Collect$$libinit$$00000013)
    .ARM.Collect$$libinit$$00000015          0x080001b0   Section        0  libinit2.o(.ARM.Collect$$libinit$$00000015)
    .ARM.Collect$$libinit$$00000017          0x080001b0   Section        0  libinit2.o(.ARM.Collect$$libinit$$00000017)
    .ARM.Collect$$libinit$$00000019          0x080001b0   Section        0  libinit2.o(.ARM.Collect$$libinit$$00000019)
    .ARM.Collect$$libinit$$0000001B          0x080001b0   Section        0  libinit2.o(.ARM.Collect$$libinit$$0000001B)
    .ARM.Collect$$libinit$$0000001D          0x080001b0   Section        0  libinit2.o(.ARM.Collect$$libinit$$0000001D)
    .ARM.Collect$$libinit$$0000001F          0x080001b0   Section        0  libinit2.o(.ARM.Collect$$libinit$$0000001F)
    .ARM.Collect$$libinit$$00000021          0x080001b0   Section        0  libinit2.o(.ARM.Collect$$libinit$$00000021)
    .ARM.Collect$$libinit$$00000023          0x080001b0   Section        0  libinit2.o(.ARM.Collect$$libinit$$00000023)
    .ARM.Collect$$libinit$$00000025          0x080001b0   Section        0  libinit2.o(.ARM.Collect$$libinit$$00000025)
    .ARM.Collect$$libinit$$0000002C          0x080001b0   Section        0  libinit2.o(.ARM.Collect$$libinit$$0000002C)
    .ARM.Collect$$libinit$$0000002E          0x080001b0   Section        0  libinit2.o(.ARM.Collect$$libinit$$0000002E)
    .ARM.Collect$$libinit$$00000030          0x080001b0   Section        0  libinit2.o(.ARM.Collect$$libinit$$00000030)
    .ARM.Collect$$libinit$$00000032          0x080001b0   Section        0  libinit2.o(.ARM.Collect$$libinit$$00000032)
    .ARM.Collect$$libinit$$00000033          0x080001b0   Section        2  libinit2.o(.ARM.Collect$$libinit$$00000033)
    .ARM.Collect$$libshutdown$$00000000      0x080001b2   Section        2  libshutdown.o(.ARM.Collect$$libshutdown$$00000000)
    .ARM.Collect$$libshutdown$$00000002      0x080001b4   Section        0  libshutdown2.o(.ARM.Collect$$libshutdown$$00000002)
    .ARM.Collect$$libshutdown$$00000004      0x080001b4   Section        0  libshutdown2.o(.ARM.Collect$$libshutdown$$00000004)
    .ARM.Collect$$libshutdown$$00000007      0x080001b4   Section        0  libshutdown2.o(.ARM.Collect$$libshutdown$$00000007)
    .ARM.Collect$$libshutdown$$0000000A      0x080001b4   Section        0  libshutdown2.o(.ARM.Collect$$libshutdown$$0000000A)
    .ARM.Collect$$libshutdown$$0000000C      0x080001b4   Section        0  libshutdown2.o(.ARM.Collect$$libshutdown$$0000000C)
    .ARM.Collect$$libshutdown$$0000000F      0x080001b4   Section        0  libshutdown2.o(.ARM.Collect$$libshutdown$$0000000F)
    .ARM.Collect$$libshutdown$$00000010      0x080001b4   Section        2  libshutdown2.o(.ARM.Collect$$libshutdown$$00000010)
    .ARM.Collect$$rtentry$$00000000          0x080001b6   Section        0  __rtentry.o(.ARM.Collect$$rtentry$$00000000)
    .ARM.Collect$$rtentry$$00000002          0x080001b6   Section        0  __rtentry2.o(.ARM.Collect$$rtentry$$00000002)
    .ARM.Collect$$rtentry$$00000004          0x080001b6   Section        6  __rtentry4.o(.ARM.Collect$$rtentry$$00000004)
    .ARM.Collect$$rtentry$$00000009          0x080001bc   Section        0  __rtentry2.o(.ARM.Collect$$rtentry$$00000009)
    .ARM.Collect$$rtentry$$0000000A          0x080001bc   Section        4  __rtentry2.o(.ARM.Collect$$rtentry$$0000000A)
    .ARM.Collect$$rtentry$$0000000C          0x080001c0   Section        0  __rtentry2.o(.ARM.Collect$$rtentry$$0000000C)
    .ARM.Collect$$rtentry$$0000000D          0x080001c0   Section        8  __rtentry2.o(.ARM.Collect$$rtentry$$0000000D)
    .ARM.Collect$$rtexit$$00000000           0x080001c8   Section        2  rtexit.o(.ARM.Collect$$rtexit$$00000000)
    .ARM.Collect$$rtexit$$00000002           0x080001ca   Section        0  rtexit2.o(.ARM.Collect$$rtexit$$00000002)
    .ARM.Collect$$rtexit$$00000003           0x080001ca   Section        4  rtexit2.o(.ARM.Collect$$rtexit$$00000003)
    .ARM.Collect$$rtexit$$00000004           0x080001ce   Section        6  rtexit2.o(.ARM.Collect$$rtexit$$00000004)
    .text                                    0x080001d4   Section       64  startup_stm32f10x_hd.o(.text)
    .text                                    0x08000214   Section        2  use_no_semi_2.o(.text)
    .text                                    0x08000218   Section        0  noretval__2sprintf.o(.text)
    .text                                    0x08000240   Section        0  __printf.o(.text)
    .text                                    0x080002a8   Section        0  _printf_dec.o(.text)
    .text                                    0x08000320   Section       68  rt_memclr.o(.text)
    .text                                    0x08000364   Section       78  rt_memclr_w.o(.text)
    .text                                    0x080003b2   Section        0  heapauxi.o(.text)
    .text                                    0x080003b8   Section        2  use_no_semi.o(.text)
    .text                                    0x080003ba   Section        0  _printf_intcommon.o(.text)
    .text                                    0x0800046c   Section        0  _printf_char_common.o(.text)
    _printf_input_char                       0x0800046d   Thumb Code    10  _printf_char_common.o(.text)
    .text                                    0x0800049c   Section        0  _sputc.o(.text)
    .text                                    0x080004a6   Section       74  sys_stackheap_outer.o(.text)
    .text                                    0x080004f0   Section        0  exit.o(.text)
    .text                                    0x08000504   Section        8  libspace.o(.text)
    i.BusFault_Handler                       0x0800050c   Section        0  stm32f10x_it.o(i.BusFault_Handler)
    i.DebugMon_Handler                       0x08000510   Section        0  stm32f10x_it.o(i.DebugMon_Handler)
    i.GPIO_Init                              0x08000512   Section        0  stm32f10x_gpio.o(i.GPIO_Init)
    i.GPIO_ResetBits                         0x08000628   Section        0  stm32f10x_gpio.o(i.GPIO_ResetBits)
    i.GPIO_SetBits                           0x0800062c   Section        0  stm32f10x_gpio.o(i.GPIO_SetBits)
    i.HardFault_Handler                      0x08000630   Section        0  stm32f10x_it.o(i.HardFault_Handler)
    i.MemManage_Handler                      0x08000634   Section        0  stm32f10x_it.o(i.MemManage_Handler)
    i.NMI_Handler                            0x08000638   Section        0  stm32f10x_it.o(i.NMI_Handler)
    i.OLED_Init                              0x0800063c   Section        0  oled.o(i.OLED_Init)
    OLED_Init                                0x0800063d   Thumb Code    38  oled.o(i.OLED_Init)
    i.PendSV_Handler                         0x08000668   Section        0  stm32f10x_it.o(i.PendSV_Handler)
    i.RCC_APB2PeriphClockCmd                 0x0800066c   Section        0  stm32f10x_rcc.o(i.RCC_APB2PeriphClockCmd)
    i.SVC_Handler                            0x0800068c   Section        0  stm32f10x_it.o(i.SVC_Handler)
    i.SetSysClock                            0x0800068e   Section        0  system_stm32f10x.o(i.SetSysClock)
    SetSysClock                              0x0800068f   Thumb Code     8  system_stm32f10x.o(i.SetSysClock)
    i.SetSysClockTo72                        0x08000698   Section        0  system_stm32f10x.o(i.SetSysClockTo72)
    SetSysClockTo72                          0x08000699   Thumb Code   214  system_stm32f10x.o(i.SetSysClockTo72)
    i.SysTick_CLKSourceConfig                0x08000778   Section        0  misc.o(i.SysTick_CLKSourceConfig)
    i.SysTick_Handler                        0x080007a0   Section        0  stm32f10x_it.o(i.SysTick_Handler)
    i.SystemInit                             0x080007a4   Section        0  system_stm32f10x.o(i.SystemInit)
    i.USART1_IRQHandler                      0x08000804   Section        0  usart.o(i.USART1_IRQHandler)
    i.USART_GetITStatus                      0x0800088c   Section        0  stm32f10x_usart.o(i.USART_GetITStatus)
    i.USART_ReceiveData                      0x080008e0   Section        0  stm32f10x_usart.o(i.USART_ReceiveData)
    i.UsageFault_Handler                     0x080008ea   Section        0  stm32f10x_it.o(i.UsageFault_Handler)
    i._sys_exit                              0x080008ee   Section        0  usart.o(i._sys_exit)
    i.delay_init                             0x080008f4   Section        0  delay.o(i.delay_init)
    i.delay_ms                               0x08000938   Section        0  delay.o(i.delay_ms)
    i.delay_us                               0x08000984   Section        0  delay.o(i.delay_us)
    i.i2c_clear_scl                          0x080009d0   Section        0  u8x8_byte.o(i.i2c_clear_scl)
    i2c_clear_scl                            0x080009d1   Thumb Code    16  u8x8_byte.o(i.i2c_clear_scl)
    i.i2c_clear_sda                          0x080009e0   Section        0  u8x8_byte.o(i.i2c_clear_sda)
    i2c_clear_sda                            0x080009e1   Thumb Code    16  u8x8_byte.o(i.i2c_clear_sda)
    i.i2c_delay                              0x080009f0   Section        0  u8x8_byte.o(i.i2c_delay)
    i2c_delay                                0x080009f1   Thumb Code    18  u8x8_byte.o(i.i2c_delay)
    i.i2c_init                               0x08000a02   Section        0  u8x8_byte.o(i.i2c_init)
    i2c_init                                 0x08000a03   Thumb Code    32  u8x8_byte.o(i.i2c_init)
    i.i2c_read_bit                           0x08000a22   Section        0  u8x8_byte.o(i.i2c_read_bit)
    i2c_read_bit                             0x08000a23   Thumb Code    42  u8x8_byte.o(i.i2c_read_bit)
    i.i2c_read_scl_and_delay                 0x08000a4c   Section        0  u8x8_byte.o(i.i2c_read_scl_and_delay)
    i2c_read_scl_and_delay                   0x08000a4d   Thumb Code    22  u8x8_byte.o(i.i2c_read_scl_and_delay)
    i.i2c_read_sda                           0x08000a62   Section        0  u8x8_byte.o(i.i2c_read_sda)
    i2c_read_sda                             0x08000a63   Thumb Code    16  u8x8_byte.o(i.i2c_read_sda)
    i.i2c_start                              0x08000a72   Section        0  u8x8_byte.o(i.i2c_start)
    i2c_start                                0x08000a73   Thumb Code    60  u8x8_byte.o(i.i2c_start)
    i.i2c_stop                               0x08000aae   Section        0  u8x8_byte.o(i.i2c_stop)
    i2c_stop                                 0x08000aaf   Thumb Code    42  u8x8_byte.o(i.i2c_stop)
    i.i2c_write_bit                          0x08000ad8   Section        0  u8x8_byte.o(i.i2c_write_bit)
    i2c_write_bit                            0x08000ad9   Thumb Code    42  u8x8_byte.o(i.i2c_write_bit)
    i.i2c_write_byte                         0x08000b02   Section        0  u8x8_byte.o(i.i2c_write_byte)
    i2c_write_byte                           0x08000b03   Thumb Code    94  u8x8_byte.o(i.i2c_write_byte)
    i.main                                   0x08000b60   Section        0  main.o(i.main)
    i.testDrawProcess                        0x08000c04   Section        0  u8ge_test.o(i.testDrawProcess)
    i.u8g2DrawTest                           0x08000cd0   Section        0  u8ge_test.o(i.u8g2DrawTest)
    i.u8g2_ClearBuffer                       0x08000cdc   Section        0  u8g2_buffer.o(i.u8g2_ClearBuffer)
    i.u8g2_DrawBox                           0x08000cf6   Section        0  u8g2_box.o(i.u8g2_DrawBox)
    i.u8g2_DrawFrame                         0x08000d40   Section        0  u8g2_box.o(i.u8g2_DrawFrame)
    i.u8g2_DrawGlyph                         0x08000dca   Section        0  u8g2_font.o(i.u8g2_DrawGlyph)
    i.u8g2_DrawHVLine                        0x08000e2c   Section        0  u8g2_hvline.o(i.u8g2_DrawHVLine)
    i.u8g2_DrawStr                           0x08000f08   Section        0  u8g2_font.o(i.u8g2_DrawStr)
    i.u8g2_FirstPage                         0x08000f2c   Section        0  u8g2_buffer.o(i.u8g2_FirstPage)
    i.u8g2_Init                              0x08000f48   Section        0  oled.o(i.u8g2_Init)
    i.u8g2_IsIntersection                    0x08000f7c   Section        0  u8g2_intersection.o(i.u8g2_IsIntersection)
    i.u8g2_NextPage                          0x08000fb6   Section        0  u8g2_buffer.o(i.u8g2_NextPage)
    i.u8g2_SendBuffer                        0x08000ff6   Section        0  u8g2_buffer.o(i.u8g2_SendBuffer)
    i.u8g2_SetBufferCurrTileRow              0x08001008   Section        0  u8g2_buffer.o(i.u8g2_SetBufferCurrTileRow)
    i.u8g2_SetFont                           0x08001024   Section        0  u8g2_font.o(i.u8g2_SetFont)
    i.u8g2_SetFontPosBaseline                0x08001044   Section        0  u8g2_font.o(i.u8g2_SetFontPosBaseline)
    i.u8g2_SetMaxClipWindow                  0x08001050   Section        0  u8g2_setup.o(i.u8g2_SetMaxClipWindow)
    i.u8g2_SetupBuffer                       0x08001070   Section        0  u8g2_setup.o(i.u8g2_SetupBuffer)
    i.u8g2_Setup_ssd1306_i2c_128x64_noname_f 0x080010cc   Section        0  u8g2_d_setup.o(i.u8g2_Setup_ssd1306_i2c_128x64_noname_f)
    i.u8g2_UpdateRefHeight                   0x08001110   Section        0  u8g2_font.o(i.u8g2_UpdateRefHeight)
    i.u8g2_add_vector_x                      0x08001198   Section        0  u8g2_font.o(i.u8g2_add_vector_x)
    i.u8g2_add_vector_y                      0x080011c2   Section        0  u8g2_font.o(i.u8g2_add_vector_y)
    i.u8g2_apply_clip_window                 0x080011ec   Section        0  u8g2_setup.o(i.u8g2_apply_clip_window)
    u8g2_apply_clip_window                   0x080011ed   Thumb Code   122  u8g2_setup.o(i.u8g2_apply_clip_window)
    i.u8g2_clip_intersection2                0x08001266   Section        0  u8g2_hvline.o(i.u8g2_clip_intersection2)
    u8g2_clip_intersection2                  0x08001267   Thumb Code    76  u8g2_hvline.o(i.u8g2_clip_intersection2)
    i.u8g2_draw_hv_line_2dir                 0x080012b2   Section        0  u8g2_hvline.o(i.u8g2_draw_hv_line_2dir)
    i.u8g2_draw_l90_mirrorr_r0               0x080012de   Section        0  u8g2_setup.o(i.u8g2_draw_l90_mirrorr_r0)
    i.u8g2_draw_l90_r0                       0x0800131a   Section        0  u8g2_setup.o(i.u8g2_draw_l90_r0)
    i.u8g2_draw_l90_r1                       0x0800133e   Section        0  u8g2_setup.o(i.u8g2_draw_l90_r1)
    i.u8g2_draw_l90_r2                       0x08001382   Section        0  u8g2_setup.o(i.u8g2_draw_l90_r2)
    i.u8g2_draw_l90_r3                       0x080013d8   Section        0  u8g2_setup.o(i.u8g2_draw_l90_r3)
    i.u8g2_draw_mirror_vertical_r0           0x08001428   Section        0  u8g2_setup.o(i.u8g2_draw_mirror_vertical_r0)
    i.u8g2_draw_string                       0x08001464   Section        0  u8g2_font.o(i.u8g2_draw_string)
    u8g2_draw_string                         0x08001465   Thumb Code   144  u8g2_font.o(i.u8g2_draw_string)
    i.u8g2_font_calc_vref_font               0x080014f4   Section        0  u8g2_font.o(i.u8g2_font_calc_vref_font)
    i.u8g2_font_decode_get_signed_bits       0x080014fa   Section        0  u8g2_font.o(i.u8g2_font_decode_get_signed_bits)
    i.u8g2_font_decode_get_unsigned_bits     0x0800151e   Section        0  u8g2_font.o(i.u8g2_font_decode_get_unsigned_bits)
    i.u8g2_font_decode_glyph                 0x08001560   Section        0  u8g2_font.o(i.u8g2_font_decode_glyph)
    i.u8g2_font_decode_len                   0x080016e2   Section        0  u8g2_font.o(i.u8g2_font_decode_len)
    i.u8g2_font_draw_glyph                   0x08001792   Section        0  u8g2_font.o(i.u8g2_font_draw_glyph)
    u8g2_font_draw_glyph                     0x08001793   Thumb Code    58  u8g2_font.o(i.u8g2_font_draw_glyph)
    i.u8g2_font_get_byte                     0x080017cc   Section        0  u8g2_font.o(i.u8g2_font_get_byte)
    u8g2_font_get_byte                       0x080017cd   Thumb Code     8  u8g2_font.o(i.u8g2_font_get_byte)
    i.u8g2_font_get_glyph_data               0x080017d4   Section        0  u8g2_font.o(i.u8g2_font_get_glyph_data)
    i.u8g2_font_get_word                     0x08001866   Section        0  u8g2_font.o(i.u8g2_font_get_word)
    u8g2_font_get_word                       0x08001867   Thumb Code    24  u8g2_font.o(i.u8g2_font_get_word)
    i.u8g2_font_setup_decode                 0x0800187e   Section        0  u8g2_font.o(i.u8g2_font_setup_decode)
    u8g2_font_setup_decode                   0x0800187f   Thumb Code    64  u8g2_font.o(i.u8g2_font_setup_decode)
    i.u8g2_is_intersection_decision_tree     0x080018be   Section        0  u8g2_intersection.o(i.u8g2_is_intersection_decision_tree)
    i.u8g2_ll_hvline_vertical_top_lsb        0x080018ee   Section        0  u8g2_ll_hvline.o(i.u8g2_ll_hvline_vertical_top_lsb)
    i.u8g2_m_16_8_f                          0x080019dc   Section        0  u8g2_d_memory.o(i.u8g2_m_16_8_f)
    i.u8g2_read_font_info                    0x080019ec   Section        0  u8g2_font.o(i.u8g2_read_font_info)
    i.u8g2_send_buffer                       0x08001acc   Section        0  u8g2_buffer.o(i.u8g2_send_buffer)
    u8g2_send_buffer                         0x08001acd   Thumb Code    54  u8g2_buffer.o(i.u8g2_send_buffer)
    i.u8g2_send_tile_row                     0x08001b02   Section        0  u8g2_buffer.o(i.u8g2_send_tile_row)
    u8g2_send_tile_row                       0x08001b03   Thumb Code    54  u8g2_buffer.o(i.u8g2_send_tile_row)
    i.u8g2_update_dimension_common           0x08001b38   Section        0  u8g2_setup.o(i.u8g2_update_dimension_common)
    u8g2_update_dimension_common             0x08001b39   Thumb Code    96  u8g2_setup.o(i.u8g2_update_dimension_common)
    i.u8g2_update_dimension_r0               0x08001b98   Section        0  u8g2_setup.o(i.u8g2_update_dimension_r0)
    i.u8g2_update_dimension_r1               0x08001ba4   Section        0  u8g2_setup.o(i.u8g2_update_dimension_r1)
    i.u8g2_update_dimension_r2               0x08001bc0   Section        0  u8g2_setup.o(i.u8g2_update_dimension_r2)
    i.u8g2_update_dimension_r3               0x08001bcc   Section        0  u8g2_setup.o(i.u8g2_update_dimension_r3)
    i.u8g2_update_page_win_r0                0x08001be8   Section        0  u8g2_setup.o(i.u8g2_update_page_win_r0)
    i.u8g2_update_page_win_r1                0x08001c08   Section        0  u8g2_setup.o(i.u8g2_update_page_win_r1)
    i.u8g2_update_page_win_r2                0x08001c28   Section        0  u8g2_setup.o(i.u8g2_update_page_win_r2)
    i.u8g2_update_page_win_r3                0x08001c64   Section        0  u8g2_setup.o(i.u8g2_update_page_win_r3)
    i.u8x8_DrawTile                          0x08001ca0   Section        0  u8x8_display.o(i.u8x8_DrawTile)
    i.u8x8_InitDisplay                       0x08001cd2   Section        0  u8x8_display.o(i.u8x8_InitDisplay)
    i.u8x8_RefreshDisplay                    0x08001ce4   Section        0  u8x8_display.o(i.u8x8_RefreshDisplay)
    i.u8x8_SetPowerSave                      0x08001cf6   Section        0  u8x8_display.o(i.u8x8_SetPowerSave)
    i.u8x8_Setup                             0x08001d0a   Section        0  u8x8_setup.o(i.u8x8_Setup)
    i.u8x8_SetupDefaults                     0x08001d34   Section        0  u8x8_setup.o(i.u8x8_SetupDefaults)
    i.u8x8_SetupMemory                       0x08001d60   Section        0  u8x8_display.o(i.u8x8_SetupMemory)
    i.u8x8_ascii_next                        0x08001d72   Section        0  u8x8_8x8.o(i.u8x8_ascii_next)
    i.u8x8_byte_EndTransfer                  0x08001d84   Section        0  u8x8_byte.o(i.u8x8_byte_EndTransfer)
    i.u8x8_byte_SendByte                     0x08001d96   Section        0  u8x8_byte.o(i.u8x8_byte_SendByte)
    i.u8x8_byte_SendBytes                    0x08001da6   Section        0  u8x8_byte.o(i.u8x8_byte_SendBytes)
    i.u8x8_byte_StartTransfer                0x08001dc0   Section        0  u8x8_byte.o(i.u8x8_byte_StartTransfer)
    i.u8x8_byte_sw_i2c                       0x08001dd2   Section        0  u8x8_byte.o(i.u8x8_byte_sw_i2c)
    i.u8x8_cad_EndTransfer                   0x08001e40   Section        0  u8x8_cad.o(i.u8x8_cad_EndTransfer)
    i.u8x8_cad_SendArg                       0x08001e52   Section        0  u8x8_cad.o(i.u8x8_cad_SendArg)
    i.u8x8_cad_SendCmd                       0x08001e66   Section        0  u8x8_cad.o(i.u8x8_cad_SendCmd)
    i.u8x8_cad_SendData                      0x08001e7a   Section        0  u8x8_cad.o(i.u8x8_cad_SendData)
    i.u8x8_cad_SendSequence                  0x08001e94   Section        0  u8x8_cad.o(i.u8x8_cad_SendSequence)
    i.u8x8_cad_StartTransfer                 0x08001f10   Section        0  u8x8_cad.o(i.u8x8_cad_StartTransfer)
    i.u8x8_cad_ssd13xx_fast_i2c              0x08001f24   Section        0  u8x8_cad.o(i.u8x8_cad_ssd13xx_fast_i2c)
    i.u8x8_d_helper_display_init             0x08001ff8   Section        0  u8x8_display.o(i.u8x8_d_helper_display_init)
    i.u8x8_d_helper_display_setup_memory     0x08002058   Section        0  u8x8_display.o(i.u8x8_d_helper_display_setup_memory)
    i.u8x8_d_ssd1306_128x64_noname           0x08002064   Section        0  u8x8_d_ssd1306_128x64_noname.o(i.u8x8_d_ssd1306_128x64_noname)
    i.u8x8_d_ssd1306_sh1106_generic          0x080020b8   Section        0  u8x8_d_ssd1306_128x64_noname.o(i.u8x8_d_ssd1306_sh1106_generic)
    u8x8_d_ssd1306_sh1106_generic            0x080020b9   Thumb Code   242  u8x8_d_ssd1306_128x64_noname.o(i.u8x8_d_ssd1306_sh1106_generic)
    i.u8x8_dummy_cb                          0x080021bc   Section        0  u8x8_setup.o(i.u8x8_dummy_cb)
    i.u8x8_gpio_and_delay_stm32l0            0x080021c4   Section        0  oled.o(i.u8x8_gpio_and_delay_stm32l0)
    i.u8x8_gpio_call                         0x0800225c   Section        0  u8x8_gpio.o(i.u8x8_gpio_call)
    i.u8x8_i2c_data_transfer                 0x08002276   Section        0  u8x8_cad.o(i.u8x8_i2c_data_transfer)
    u8x8_i2c_data_transfer                   0x08002277   Thumb Code    46  u8x8_cad.o(i.u8x8_i2c_data_transfer)
    i.u8x8_utf8_init                         0x080022a4   Section        0  u8x8_8x8.o(i.u8x8_utf8_init)
    x$fpl$ddiv                               0x080022ac   Section      688  ddiv.o(x$fpl$ddiv)
    ddiv_entry                               0x080022b3   Thumb Code     0  ddiv.o(x$fpl$ddiv)
    x$fpl$dfix                               0x0800255c   Section       94  dfix.o(x$fpl$dfix)
    x$fpl$dflt                               0x080025ba   Section       46  dflt_clz.o(x$fpl$dflt)
    x$fpl$dmul                               0x080025e8   Section      340  dmul.o(x$fpl$dmul)
    x$fpl$dnaninf                            0x0800273c   Section      156  dnaninf.o(x$fpl$dnaninf)
    x$fpl$dretinf                            0x080027d8   Section       12  dretinf.o(x$fpl$dretinf)
    .constdata                               0x080027e4   Section       72  u8g2_setup.o(.constdata)
    x$fpl$usenofp                            0x080027e4   Section        0  usenofp.o(x$fpl$usenofp)
    .constdata                               0x0800282c   Section      344  u8x8_d_ssd1306_128x64_noname.o(.constdata)
    u8x8_d_ssd1306_128x64_noname_init_seq    0x0800282c   Data          53  u8x8_d_ssd1306_128x64_noname.o(.constdata)
    u8x8_d_ssd1306_128x64_vcomh0_init_seq    0x08002861   Data          53  u8x8_d_ssd1306_128x64_noname.o(.constdata)
    u8x8_d_ssd1306_128x64_alt0_init_seq      0x08002896   Data          53  u8x8_d_ssd1306_128x64_noname.o(.constdata)
    u8x8_d_sh1106_128x64_winstar_init_seq    0x080028cb   Data          45  u8x8_d_ssd1306_128x64_noname.o(.constdata)
    u8x8_d_ssd1312_128x64_noname_init_seq    0x080028f8   Data          53  u8x8_d_ssd1306_128x64_noname.o(.constdata)
    u8x8_d_ssd1306_128x64_noname_powersave0_seq 0x0800292d   Data           5  u8x8_d_ssd1306_128x64_noname.o(.constdata)
    u8x8_d_ssd1306_128x64_noname_powersave1_seq 0x08002932   Data           5  u8x8_d_ssd1306_128x64_noname.o(.constdata)
    u8x8_d_ssd1306_128x64_noname_flip0_seq   0x08002937   Data           7  u8x8_d_ssd1306_128x64_noname.o(.constdata)
    u8x8_d_ssd1306_128x64_noname_flip1_seq   0x0800293e   Data           7  u8x8_d_ssd1306_128x64_noname.o(.constdata)
    u8x8_d_ssd1312_128x64_noname_flip0_seq   0x08002945   Data           7  u8x8_d_ssd1306_128x64_noname.o(.constdata)
    u8x8_d_ssd1312_128x64_noname_flip1_seq   0x0800294c   Data           7  u8x8_d_ssd1306_128x64_noname.o(.constdata)
    u8x8_ssd1306_128x64_noname_display_info  0x08002954   Data          24  u8x8_d_ssd1306_128x64_noname.o(.constdata)
    u8x8_sh1106_128x64_noname_display_info   0x0800296c   Data          24  u8x8_d_ssd1306_128x64_noname.o(.constdata)
    .constdata                               0x08002984   Section    24183  u8g2_fonts.o(.constdata)
    .data                                    0x20000000   Section       20  system_stm32f10x.o(.data)
    .data                                    0x20000014   Section        4  delay.o(.data)
    fac_us                                   0x20000014   Data           1  delay.o(.data)
    fac_ms                                   0x20000016   Data           2  delay.o(.data)
    .data                                    0x20000018   Section        6  usart.o(.data)
    .data                                    0x2000001e   Section        6  u8x8_cad.o(.data)
    in_transfer                              0x2000001e   Data           1  u8x8_cad.o(.data)
    in_transfer                              0x2000001f   Data           1  u8x8_cad.o(.data)
    in_transfer                              0x20000020   Data           1  u8x8_cad.o(.data)
    is_data                                  0x20000021   Data           1  u8x8_cad.o(.data)
    in_transfer                              0x20000022   Data           1  u8x8_cad.o(.data)
    is_data                                  0x20000023   Data           1  u8x8_cad.o(.data)
    .bss                                     0x20000024   Section      148  main.o(.bss)
    .bss                                     0x200000b8   Section      200  usart.o(.bss)
    .bss                                     0x20000180   Section     1024  u8g2_d_memory.o(.bss)
    buf                                      0x20000180   Data        1024  u8g2_d_memory.o(.bss)
    .bss                                     0x20000580   Section       96  libspace.o(.bss)
    HEAP                                     0x200005e0   Section      512  startup_stm32f10x_hd.o(HEAP)
    Heap_Mem                                 0x200005e0   Data         512  startup_stm32f10x_hd.o(HEAP)
    STACK                                    0x200007e0   Section     1024  startup_stm32f10x_hd.o(STACK)
    Stack_Mem                                0x200007e0   Data        1024  startup_stm32f10x_hd.o(STACK)
    __initial_sp                             0x20000be0   Data           0  startup_stm32f10x_hd.o(STACK)

    Global Symbols

    Symbol Name                              Value     Ov Type        Size  Object(Section)

    BuildAttributes$$THM_ISAv4$P$D$K$B$S$PE$A:L22UL41UL21$X:L11$S22US41US21$IEEE1$IW$USESV6$~STKCKD$USESV7$~SHL$OSPACE$ROPI$EBA8$UX$STANDARDLIB$REQ8$PRES8$EABIv2 0x00000000   Number         0  anon$$obj.o ABSOLUTE
    __ARM_use_no_argv                        0x00000000   Number         0  main.o ABSOLUTE
    __ARM_exceptions_init                     - Undefined Weak Reference
    __alloca_initialize                       - Undefined Weak Reference
    __arm_preinit_                            - Undefined Weak Reference
    __cpp_initialize__aeabi_                  - Undefined Weak Reference
    __cxa_finalize                            - Undefined Weak Reference
    __rt_locale                               - Undefined Weak Reference
    __sigvec_lookup                           - Undefined Weak Reference
    _atexit_init                              - Undefined Weak Reference
    _call_atexit_fns                          - Undefined Weak Reference
    _clock_init                               - Undefined Weak Reference
    _fp_trap_init                             - Undefined Weak Reference
    _fp_trap_shutdown                         - Undefined Weak Reference
    _get_lc_collate                           - Undefined Weak Reference
    _get_lc_ctype                             - Undefined Weak Reference
    _get_lc_monetary                          - Undefined Weak Reference
    _get_lc_numeric                           - Undefined Weak Reference
    _get_lc_time                              - Undefined Weak Reference
    _getenv_init                              - Undefined Weak Reference
    _handle_redirection                       - Undefined Weak Reference
    _init_alloc                               - Undefined Weak Reference
    _init_user_alloc                          - Undefined Weak Reference
    _initio                                   - Undefined Weak Reference
    _printf_post_padding                      - Undefined Weak Reference
    _printf_pre_padding                       - Undefined Weak Reference
    _printf_truncate_signed                   - Undefined Weak Reference
    _printf_truncate_unsigned                 - Undefined Weak Reference
    _rand_init                                - Undefined Weak Reference
    _signal_finish                            - Undefined Weak Reference
    _signal_init                              - Undefined Weak Reference
    _terminate_alloc                          - Undefined Weak Reference
    _terminate_user_alloc                     - Undefined Weak Reference
    _terminateio                              - Undefined Weak Reference
    __Vectors_Size                           0x00000130   Number         0  startup_stm32f10x_hd.o ABSOLUTE
    __Vectors                                0x08000000   Data           4  startup_stm32f10x_hd.o(RESET)
    __Vectors_End                            0x08000130   Data           0  startup_stm32f10x_hd.o(RESET)
    __main                                   0x08000131   Thumb Code     8  __main.o(!!!main)
    __scatterload                            0x08000139   Thumb Code     0  __scatter.o(!!!scatter)
    __scatterload_rt2                        0x08000139   Thumb Code    44  __scatter.o(!!!scatter)
    __scatterload_rt2_thumb_only             0x08000139   Thumb Code     0  __scatter.o(!!!scatter)
    __scatterload_null                       0x08000147   Thumb Code     0  __scatter.o(!!!scatter)
    __scatterload_copy                       0x0800016d   Thumb Code    26  __scatter_copy.o(!!handler_copy)
    __scatterload_zeroinit                   0x08000189   Thumb Code    28  __scatter_zi.o(!!handler_zi)
    _printf_d                                0x080001a5   Thumb Code     0  _printf_d.o(.ARM.Collect$$_printf_percent$$00000009)
    _printf_percent                          0x080001a5   Thumb Code     0  _printf_percent.o(.ARM.Collect$$_printf_percent$$00000000)
    _printf_percent_end                      0x080001ab   Thumb Code     0  _printf_percent_end.o(.ARM.Collect$$_printf_percent$$00000017)
    __rt_lib_init                            0x080001af   Thumb Code     0  libinit.o(.ARM.Collect$$libinit$$00000000)
    __rt_lib_init_alloca_1                   0x080001b1   Thumb Code     0  libinit2.o(.ARM.Collect$$libinit$$0000002E)
    __rt_lib_init_argv_1                     0x080001b1   Thumb Code     0  libinit2.o(.ARM.Collect$$libinit$$0000002C)
    __rt_lib_init_atexit_1                   0x080001b1   Thumb Code     0  libinit2.o(.ARM.Collect$$libinit$$0000001B)
    __rt_lib_init_clock_1                    0x080001b1   Thumb Code     0  libinit2.o(.ARM.Collect$$libinit$$00000021)
    __rt_lib_init_cpp_1                      0x080001b1   Thumb Code     0  libinit2.o(.ARM.Collect$$libinit$$00000032)
    __rt_lib_init_exceptions_1               0x080001b1   Thumb Code     0  libinit2.o(.ARM.Collect$$libinit$$00000030)
    __rt_lib_init_fp_1                       0x080001b1   Thumb Code     0  libinit2.o(.ARM.Collect$$libinit$$00000002)
    __rt_lib_init_fp_trap_1                  0x080001b1   Thumb Code     0  libinit2.o(.ARM.Collect$$libinit$$0000001F)
    __rt_lib_init_getenv_1                   0x080001b1   Thumb Code     0  libinit2.o(.ARM.Collect$$libinit$$00000023)
    __rt_lib_init_heap_1                     0x080001b1   Thumb Code     0  libinit2.o(.ARM.Collect$$libinit$$0000000A)
    __rt_lib_init_lc_collate_1               0x080001b1   Thumb Code     0  libinit2.o(.ARM.Collect$$libinit$$00000011)
    __rt_lib_init_lc_ctype_1                 0x080001b1   Thumb Code     0  libinit2.o(.ARM.Collect$$libinit$$00000013)
    __rt_lib_init_lc_monetary_1              0x080001b1   Thumb Code     0  libinit2.o(.ARM.Collect$$libinit$$00000015)
    __rt_lib_init_lc_numeric_1               0x080001b1   Thumb Code     0  libinit2.o(.ARM.Collect$$libinit$$00000017)
    __rt_lib_init_lc_time_1                  0x080001b1   Thumb Code     0  libinit2.o(.ARM.Collect$$libinit$$00000019)
    __rt_lib_init_preinit_1                  0x080001b1   Thumb Code     0  libinit2.o(.ARM.Collect$$libinit$$00000004)
    __rt_lib_init_rand_1                     0x080001b1   Thumb Code     0  libinit2.o(.ARM.Collect$$libinit$$0000000E)
    __rt_lib_init_return                     0x080001b1   Thumb Code     0  libinit2.o(.ARM.Collect$$libinit$$00000033)
    __rt_lib_init_signal_1                   0x080001b1   Thumb Code     0  libinit2.o(.ARM.Collect$$libinit$$0000001D)
    __rt_lib_init_stdio_1                    0x080001b1   Thumb Code     0  libinit2.o(.ARM.Collect$$libinit$$00000025)
    __rt_lib_init_user_alloc_1               0x080001b1   Thumb Code     0  libinit2.o(.ARM.Collect$$libinit$$0000000C)
    __rt_lib_shutdown                        0x080001b3   Thumb Code     0  libshutdown.o(.ARM.Collect$$libshutdown$$00000000)
    __rt_lib_shutdown_cpp_1                  0x080001b5   Thumb Code     0  libshutdown2.o(.ARM.Collect$$libshutdown$$00000002)
    __rt_lib_shutdown_fp_trap_1              0x080001b5   Thumb Code     0  libshutdown2.o(.ARM.Collect$$libshutdown$$00000007)
    __rt_lib_shutdown_heap_1                 0x080001b5   Thumb Code     0  libshutdown2.o(.ARM.Collect$$libshutdown$$0000000F)
    __rt_lib_shutdown_return                 0x080001b5   Thumb Code     0  libshutdown2.o(.ARM.Collect$$libshutdown$$00000010)
    __rt_lib_shutdown_signal_1               0x080001b5   Thumb Code     0  libshutdown2.o(.ARM.Collect$$libshutdown$$0000000A)
    __rt_lib_shutdown_stdio_1                0x080001b5   Thumb Code     0  libshutdown2.o(.ARM.Collect$$libshutdown$$00000004)
    __rt_lib_shutdown_user_alloc_1           0x080001b5   Thumb Code     0  libshutdown2.o(.ARM.Collect$$libshutdown$$0000000C)
    __rt_entry                               0x080001b7   Thumb Code     0  __rtentry.o(.ARM.Collect$$rtentry$$00000000)
    __rt_entry_presh_1                       0x080001b7   Thumb Code     0  __rtentry2.o(.ARM.Collect$$rtentry$$00000002)
    __rt_entry_sh                            0x080001b7   Thumb Code     0  __rtentry4.o(.ARM.Collect$$rtentry$$00000004)
    __rt_entry_li                            0x080001bd   Thumb Code     0  __rtentry2.o(.ARM.Collect$$rtentry$$0000000A)
    __rt_entry_postsh_1                      0x080001bd   Thumb Code     0  __rtentry2.o(.ARM.Collect$$rtentry$$00000009)
    __rt_entry_main                          0x080001c1   Thumb Code     0  __rtentry2.o(.ARM.Collect$$rtentry$$0000000D)
    __rt_entry_postli_1                      0x080001c1   Thumb Code     0  __rtentry2.o(.ARM.Collect$$rtentry$$0000000C)
    __rt_exit                                0x080001c9   Thumb Code     0  rtexit.o(.ARM.Collect$$rtexit$$00000000)
    __rt_exit_ls                             0x080001cb   Thumb Code     0  rtexit2.o(.ARM.Collect$$rtexit$$00000003)
    __rt_exit_prels_1                        0x080001cb   Thumb Code     0  rtexit2.o(.ARM.Collect$$rtexit$$00000002)
    __rt_exit_exit                           0x080001cf   Thumb Code     0  rtexit2.o(.ARM.Collect$$rtexit$$00000004)
    Reset_Handler                            0x080001d5   Thumb Code     8  startup_stm32f10x_hd.o(.text)
    ADC1_2_IRQHandler                        0x080001ef   Thumb Code     0  startup_stm32f10x_hd.o(.text)
    ADC3_IRQHandler                          0x080001ef   Thumb Code     0  startup_stm32f10x_hd.o(.text)
    CAN1_RX1_IRQHandler                      0x080001ef   Thumb Code     0  startup_stm32f10x_hd.o(.text)
    CAN1_SCE_IRQHandler                      0x080001ef   Thumb Code     0  startup_stm32f10x_hd.o(.text)
    DMA1_Channel1_IRQHandler                 0x080001ef   Thumb Code     0  startup_stm32f10x_hd.o(.text)
    DMA1_Channel2_IRQHandler                 0x080001ef   Thumb Code     0  startup_stm32f10x_hd.o(.text)
    DMA1_Channel3_IRQHandler                 0x080001ef   Thumb Code     0  startup_stm32f10x_hd.o(.text)
    DMA1_Channel4_IRQHandler                 0x080001ef   Thumb Code     0  startup_stm32f10x_hd.o(.text)
    DMA1_Channel5_IRQHandler                 0x080001ef   Thumb Code     0  startup_stm32f10x_hd.o(.text)
    DMA1_Channel6_IRQHandler                 0x080001ef   Thumb Code     0  startup_stm32f10x_hd.o(.text)
    DMA1_Channel7_IRQHandler                 0x080001ef   Thumb Code     0  startup_stm32f10x_hd.o(.text)
    DMA2_Channel1_IRQHandler                 0x080001ef   Thumb Code     0  startup_stm32f10x_hd.o(.text)
    DMA2_Channel2_IRQHandler                 0x080001ef   Thumb Code     0  startup_stm32f10x_hd.o(.text)
    DMA2_Channel3_IRQHandler                 0x080001ef   Thumb Code     0  startup_stm32f10x_hd.o(.text)
    DMA2_Channel4_5_IRQHandler               0x080001ef   Thumb Code     0  startup_stm32f10x_hd.o(.text)
    EXTI0_IRQHandler                         0x080001ef   Thumb Code     0  startup_stm32f10x_hd.o(.text)
    EXTI15_10_IRQHandler                     0x080001ef   Thumb Code     0  startup_stm32f10x_hd.o(.text)
    EXTI1_IRQHandler                         0x080001ef   Thumb Code     0  startup_stm32f10x_hd.o(.text)
    EXTI2_IRQHandler                         0x080001ef   Thumb Code     0  startup_stm32f10x_hd.o(.text)
    EXTI3_IRQHandler                         0x080001ef   Thumb Code     0  startup_stm32f10x_hd.o(.text)
    EXTI4_IRQHandler                         0x080001ef   Thumb Code     0  startup_stm32f10x_hd.o(.text)
    EXTI9_5_IRQHandler                       0x080001ef   Thumb Code     0  startup_stm32f10x_hd.o(.text)
    FLASH_IRQHandler                         0x080001ef   Thumb Code     0  startup_stm32f10x_hd.o(.text)
    FSMC_IRQHandler                          0x080001ef   Thumb Code     0  startup_stm32f10x_hd.o(.text)
    I2C1_ER_IRQHandler                       0x080001ef   Thumb Code     0  startup_stm32f10x_hd.o(.text)
    I2C1_EV_IRQHandler                       0x080001ef   Thumb Code     0  startup_stm32f10x_hd.o(.text)
    I2C2_ER_IRQHandler                       0x080001ef   Thumb Code     0  startup_stm32f10x_hd.o(.text)
    I2C2_EV_IRQHandler                       0x080001ef   Thumb Code     0  startup_stm32f10x_hd.o(.text)
    PVD_IRQHandler                           0x080001ef   Thumb Code     0  startup_stm32f10x_hd.o(.text)
    RCC_IRQHandler                           0x080001ef   Thumb Code     0  startup_stm32f10x_hd.o(.text)
    RTCAlarm_IRQHandler                      0x080001ef   Thumb Code     0  startup_stm32f10x_hd.o(.text)
    RTC_IRQHandler                           0x080001ef   Thumb Code     0  startup_stm32f10x_hd.o(.text)
    SDIO_IRQHandler                          0x080001ef   Thumb Code     0  startup_stm32f10x_hd.o(.text)
    SPI1_IRQHandler                          0x080001ef   Thumb Code     0  startup_stm32f10x_hd.o(.text)
    SPI2_IRQHandler                          0x080001ef   Thumb Code     0  startup_stm32f10x_hd.o(.text)
    SPI3_IRQHandler                          0x080001ef   Thumb Code     0  startup_stm32f10x_hd.o(.text)
    TAMPER_IRQHandler                        0x080001ef   Thumb Code     0  startup_stm32f10x_hd.o(.text)
    TIM1_BRK_IRQHandler                      0x080001ef   Thumb Code     0  startup_stm32f10x_hd.o(.text)
    TIM1_CC_IRQHandler                       0x080001ef   Thumb Code     0  startup_stm32f10x_hd.o(.text)
    TIM1_TRG_COM_IRQHandler                  0x080001ef   Thumb Code     0  startup_stm32f10x_hd.o(.text)
    TIM1_UP_IRQHandler                       0x080001ef   Thumb Code     0  startup_stm32f10x_hd.o(.text)
    TIM2_IRQHandler                          0x080001ef   Thumb Code     0  startup_stm32f10x_hd.o(.text)
    TIM3_IRQHandler                          0x080001ef   Thumb Code     0  startup_stm32f10x_hd.o(.text)
    TIM4_IRQHandler                          0x080001ef   Thumb Code     0  startup_stm32f10x_hd.o(.text)
    TIM5_IRQHandler                          0x080001ef   Thumb Code     0  startup_stm32f10x_hd.o(.text)
    TIM6_IRQHandler                          0x080001ef   Thumb Code     0  startup_stm32f10x_hd.o(.text)
    TIM7_IRQHandler                          0x080001ef   Thumb Code     0  startup_stm32f10x_hd.o(.text)
    TIM8_BRK_IRQHandler                      0x080001ef   Thumb Code     0  startup_stm32f10x_hd.o(.text)
    TIM8_CC_IRQHandler                       0x080001ef   Thumb Code     0  startup_stm32f10x_hd.o(.text)
    TIM8_TRG_COM_IRQHandler                  0x080001ef   Thumb Code     0  startup_stm32f10x_hd.o(.text)
    TIM8_UP_IRQHandler                       0x080001ef   Thumb Code     0  startup_stm32f10x_hd.o(.text)
    UART4_IRQHandler                         0x080001ef   Thumb Code     0  startup_stm32f10x_hd.o(.text)
    UART5_IRQHandler                         0x080001ef   Thumb Code     0  startup_stm32f10x_hd.o(.text)
    USART2_IRQHandler                        0x080001ef   Thumb Code     0  startup_stm32f10x_hd.o(.text)
    USART3_IRQHandler                        0x080001ef   Thumb Code     0  startup_stm32f10x_hd.o(.text)
    USBWakeUp_IRQHandler                     0x080001ef   Thumb Code     0  startup_stm32f10x_hd.o(.text)
    USB_HP_CAN1_TX_IRQHandler                0x080001ef   Thumb Code     0  startup_stm32f10x_hd.o(.text)
    USB_LP_CAN1_RX0_IRQHandler               0x080001ef   Thumb Code     0  startup_stm32f10x_hd.o(.text)
    WWDG_IRQHandler                          0x080001ef   Thumb Code     0  startup_stm32f10x_hd.o(.text)
    __user_initial_stackheap                 0x080001f1   Thumb Code     0  startup_stm32f10x_hd.o(.text)
    __use_no_semihosting                     0x08000215   Thumb Code     2  use_no_semi_2.o(.text)
    __2sprintf                               0x08000219   Thumb Code    34  noretval__2sprintf.o(.text)
    __printf                                 0x08000241   Thumb Code   104  __printf.o(.text)
    _printf_int_dec                          0x080002a9   Thumb Code   104  _printf_dec.o(.text)
    __aeabi_memclr                           0x08000321   Thumb Code     0  rt_memclr.o(.text)
    __rt_memclr                              0x08000321   Thumb Code    68  rt_memclr.o(.text)
    _memset                                  0x08000325   Thumb Code     0  rt_memclr.o(.text)
    __aeabi_memclr4                          0x08000365   Thumb Code     0  rt_memclr_w.o(.text)
    __aeabi_memclr8                          0x08000365   Thumb Code     0  rt_memclr_w.o(.text)
    __rt_memclr_w                            0x08000365   Thumb Code    78  rt_memclr_w.o(.text)
    _memset_w                                0x08000369   Thumb Code     0  rt_memclr_w.o(.text)
    __use_two_region_memory                  0x080003b3   Thumb Code     2  heapauxi.o(.text)
    __rt_heap_escrow$2region                 0x080003b5   Thumb Code     2  heapauxi.o(.text)
    __rt_heap_expand$2region                 0x080003b7   Thumb Code     2  heapauxi.o(.text)
    __I$use$semihosting                      0x080003b9   Thumb Code     0  use_no_semi.o(.text)
    __use_no_semihosting_swi                 0x080003b9   Thumb Code     2  use_no_semi.o(.text)
    _printf_int_common                       0x080003bb   Thumb Code   178  _printf_intcommon.o(.text)
    _printf_char_common                      0x08000477   Thumb Code    32  _printf_char_common.o(.text)
    _sputc                                   0x0800049d   Thumb Code    10  _sputc.o(.text)
    __user_setup_stackheap                   0x080004a7   Thumb Code    74  sys_stackheap_outer.o(.text)
    exit                                     0x080004f1   Thumb Code    18  exit.o(.text)
    __user_libspace                          0x08000505   Thumb Code     8  libspace.o(.text)
    __user_perproc_libspace                  0x08000505   Thumb Code     0  libspace.o(.text)
    __user_perthread_libspace                0x08000505   Thumb Code     0  libspace.o(.text)
    BusFault_Handler                         0x0800050d   Thumb Code     4  stm32f10x_it.o(i.BusFault_Handler)
    DebugMon_Handler                         0x08000511   Thumb Code     2  stm32f10x_it.o(i.DebugMon_Handler)
    GPIO_Init                                0x08000513   Thumb Code   278  stm32f10x_gpio.o(i.GPIO_Init)
    GPIO_ResetBits                           0x08000629   Thumb Code     4  stm32f10x_gpio.o(i.GPIO_ResetBits)
    GPIO_SetBits                             0x0800062d   Thumb Code     4  stm32f10x_gpio.o(i.GPIO_SetBits)
    HardFault_Handler                        0x08000631   Thumb Code     4  stm32f10x_it.o(i.HardFault_Handler)
    MemManage_Handler                        0x08000635   Thumb Code     4  stm32f10x_it.o(i.MemManage_Handler)
    NMI_Handler                              0x08000639   Thumb Code     2  stm32f10x_it.o(i.NMI_Handler)
    PendSV_Handler                           0x08000669   Thumb Code     2  stm32f10x_it.o(i.PendSV_Handler)
    RCC_APB2PeriphClockCmd                   0x0800066d   Thumb Code    26  stm32f10x_rcc.o(i.RCC_APB2PeriphClockCmd)
    SVC_Handler                              0x0800068d   Thumb Code     2  stm32f10x_it.o(i.SVC_Handler)
    SysTick_CLKSourceConfig                  0x08000779   Thumb Code    40  misc.o(i.SysTick_CLKSourceConfig)
    SysTick_Handler                          0x080007a1   Thumb Code     2  stm32f10x_it.o(i.SysTick_Handler)
    SystemInit                               0x080007a5   Thumb Code    78  system_stm32f10x.o(i.SystemInit)
    USART1_IRQHandler                        0x08000805   Thumb Code   122  usart.o(i.USART1_IRQHandler)
    USART_GetITStatus                        0x0800088d   Thumb Code    84  stm32f10x_usart.o(i.USART_GetITStatus)
    USART_ReceiveData                        0x080008e1   Thumb Code    10  stm32f10x_usart.o(i.USART_ReceiveData)
    UsageFault_Handler                       0x080008eb   Thumb Code     4  stm32f10x_it.o(i.UsageFault_Handler)
    _sys_exit                                0x080008ef   Thumb Code     4  usart.o(i._sys_exit)
    delay_init                               0x080008f5   Thumb Code    50  delay.o(i.delay_init)
    delay_ms                                 0x08000939   Thumb Code    72  delay.o(i.delay_ms)
    delay_us                                 0x08000985   Thumb Code    72  delay.o(i.delay_us)
    main                                     0x08000b61   Thumb Code   152  main.o(i.main)
    testDrawProcess                          0x08000c05   Thumb Code   166  u8ge_test.o(i.testDrawProcess)
    u8g2DrawTest                             0x08000cd1   Thumb Code    12  u8ge_test.o(i.u8g2DrawTest)
    u8g2_ClearBuffer                         0x08000cdd   Thumb Code    26  u8g2_buffer.o(i.u8g2_ClearBuffer)
    u8g2_DrawBox                             0x08000cf7   Thumb Code    74  u8g2_box.o(i.u8g2_DrawBox)
    u8g2_DrawFrame                           0x08000d41   Thumb Code   138  u8g2_box.o(i.u8g2_DrawFrame)
    u8g2_DrawGlyph                           0x08000dcb   Thumb Code    98  u8g2_font.o(i.u8g2_DrawGlyph)
    u8g2_DrawHVLine                          0x08000e2d   Thumb Code   220  u8g2_hvline.o(i.u8g2_DrawHVLine)
    u8g2_DrawStr                             0x08000f09   Thumb Code    32  u8g2_font.o(i.u8g2_DrawStr)
    u8g2_FirstPage                           0x08000f2d   Thumb Code    26  u8g2_buffer.o(i.u8g2_FirstPage)
    u8g2_Init                                0x08000f49   Thumb Code    38  oled.o(i.u8g2_Init)
    u8g2_IsIntersection                      0x08000f7d   Thumb Code    58  u8g2_intersection.o(i.u8g2_IsIntersection)
    u8g2_NextPage                            0x08000fb7   Thumb Code    64  u8g2_buffer.o(i.u8g2_NextPage)
    u8g2_SendBuffer                          0x08000ff7   Thumb Code    18  u8g2_buffer.o(i.u8g2_SendBuffer)
    u8g2_SetBufferCurrTileRow                0x08001009   Thumb Code    28  u8g2_buffer.o(i.u8g2_SetBufferCurrTileRow)
    u8g2_SetFont                             0x08001025   Thumb Code    32  u8g2_font.o(i.u8g2_SetFont)
    u8g2_SetFontPosBaseline                  0x08001045   Thumb Code     6  u8g2_font.o(i.u8g2_SetFontPosBaseline)
    u8g2_SetMaxClipWindow                    0x08001051   Thumb Code    32  u8g2_setup.o(i.u8g2_SetMaxClipWindow)
    u8g2_SetupBuffer                         0x08001071   Thumb Code    90  u8g2_setup.o(i.u8g2_SetupBuffer)
    u8g2_Setup_ssd1306_i2c_128x64_noname_f   0x080010cd   Thumb Code    54  u8g2_d_setup.o(i.u8g2_Setup_ssd1306_i2c_128x64_noname_f)
    u8g2_UpdateRefHeight                     0x08001111   Thumb Code   136  u8g2_font.o(i.u8g2_UpdateRefHeight)
    u8g2_add_vector_x                        0x08001199   Thumb Code    42  u8g2_font.o(i.u8g2_add_vector_x)
    u8g2_add_vector_y                        0x080011c3   Thumb Code    42  u8g2_font.o(i.u8g2_add_vector_y)
    u8g2_draw_hv_line_2dir                   0x080012b3   Thumb Code    44  u8g2_hvline.o(i.u8g2_draw_hv_line_2dir)
    u8g2_draw_l90_mirrorr_r0                 0x080012df   Thumb Code    60  u8g2_setup.o(i.u8g2_draw_l90_mirrorr_r0)
    u8g2_draw_l90_r0                         0x0800131b   Thumb Code    36  u8g2_setup.o(i.u8g2_draw_l90_r0)
    u8g2_draw_l90_r1                         0x0800133f   Thumb Code    68  u8g2_setup.o(i.u8g2_draw_l90_r1)
    u8g2_draw_l90_r2                         0x08001383   Thumb Code    86  u8g2_setup.o(i.u8g2_draw_l90_r2)
    u8g2_draw_l90_r3                         0x080013d9   Thumb Code    80  u8g2_setup.o(i.u8g2_draw_l90_r3)
    u8g2_draw_mirror_vertical_r0             0x08001429   Thumb Code    60  u8g2_setup.o(i.u8g2_draw_mirror_vertical_r0)
    u8g2_font_calc_vref_font                 0x080014f5   Thumb Code     6  u8g2_font.o(i.u8g2_font_calc_vref_font)
    u8g2_font_decode_get_signed_bits         0x080014fb   Thumb Code    36  u8g2_font.o(i.u8g2_font_decode_get_signed_bits)
    u8g2_font_decode_get_unsigned_bits       0x0800151f   Thumb Code    66  u8g2_font.o(i.u8g2_font_decode_get_unsigned_bits)
    u8g2_font_decode_glyph                   0x08001561   Thumb Code   386  u8g2_font.o(i.u8g2_font_decode_glyph)
    u8g2_font_decode_len                     0x080016e3   Thumb Code   176  u8g2_font.o(i.u8g2_font_decode_len)
    u8g2_font_get_glyph_data                 0x080017d5   Thumb Code   146  u8g2_font.o(i.u8g2_font_get_glyph_data)
    u8g2_is_intersection_decision_tree       0x080018bf   Thumb Code    48  u8g2_intersection.o(i.u8g2_is_intersection_decision_tree)
    u8g2_ll_hvline_vertical_top_lsb          0x080018ef   Thumb Code   238  u8g2_ll_hvline.o(i.u8g2_ll_hvline_vertical_top_lsb)
    u8g2_m_16_8_f                            0x080019dd   Thumb Code    10  u8g2_d_memory.o(i.u8g2_m_16_8_f)
    u8g2_read_font_info                      0x080019ed   Thumb Code   224  u8g2_font.o(i.u8g2_read_font_info)
    u8g2_update_dimension_r0                 0x08001b99   Thumb Code    12  u8g2_setup.o(i.u8g2_update_dimension_r0)
    u8g2_update_dimension_r1                 0x08001ba5   Thumb Code    28  u8g2_setup.o(i.u8g2_update_dimension_r1)
    u8g2_update_dimension_r2                 0x08001bc1   Thumb Code    12  u8g2_setup.o(i.u8g2_update_dimension_r2)
    u8g2_update_dimension_r3                 0x08001bcd   Thumb Code    28  u8g2_setup.o(i.u8g2_update_dimension_r3)
    u8g2_update_page_win_r0                  0x08001be9   Thumb Code    32  u8g2_setup.o(i.u8g2_update_page_win_r0)
    u8g2_update_page_win_r1                  0x08001c09   Thumb Code    32  u8g2_setup.o(i.u8g2_update_page_win_r1)
    u8g2_update_page_win_r2                  0x08001c29   Thumb Code    60  u8g2_setup.o(i.u8g2_update_page_win_r2)
    u8g2_update_page_win_r3                  0x08001c65   Thumb Code    60  u8g2_setup.o(i.u8g2_update_page_win_r3)
    u8x8_DrawTile                            0x08001ca1   Thumb Code    50  u8x8_display.o(i.u8x8_DrawTile)
    u8x8_InitDisplay                         0x08001cd3   Thumb Code    18  u8x8_display.o(i.u8x8_InitDisplay)
    u8x8_RefreshDisplay                      0x08001ce5   Thumb Code    18  u8x8_display.o(i.u8x8_RefreshDisplay)
    u8x8_SetPowerSave                        0x08001cf7   Thumb Code    20  u8x8_display.o(i.u8x8_SetPowerSave)
    u8x8_Setup                               0x08001d0b   Thumb Code    42  u8x8_setup.o(i.u8x8_Setup)
    u8x8_SetupDefaults                       0x08001d35   Thumb Code    38  u8x8_setup.o(i.u8x8_SetupDefaults)
    u8x8_SetupMemory                         0x08001d61   Thumb Code    18  u8x8_display.o(i.u8x8_SetupMemory)
    u8x8_ascii_next                          0x08001d73   Thumb Code    18  u8x8_8x8.o(i.u8x8_ascii_next)
    u8x8_byte_EndTransfer                    0x08001d85   Thumb Code    18  u8x8_byte.o(i.u8x8_byte_EndTransfer)
    u8x8_byte_SendByte                       0x08001d97   Thumb Code    16  u8x8_byte.o(i.u8x8_byte_SendByte)
    u8x8_byte_SendBytes                      0x08001da7   Thumb Code    26  u8x8_byte.o(i.u8x8_byte_SendBytes)
    u8x8_byte_StartTransfer                  0x08001dc1   Thumb Code    18  u8x8_byte.o(i.u8x8_byte_StartTransfer)
    u8x8_byte_sw_i2c                         0x08001dd3   Thumb Code   110  u8x8_byte.o(i.u8x8_byte_sw_i2c)
    u8x8_cad_EndTransfer                     0x08001e41   Thumb Code    18  u8x8_cad.o(i.u8x8_cad_EndTransfer)
    u8x8_cad_SendArg                         0x08001e53   Thumb Code    20  u8x8_cad.o(i.u8x8_cad_SendArg)
    u8x8_cad_SendCmd                         0x08001e67   Thumb Code    20  u8x8_cad.o(i.u8x8_cad_SendCmd)
    u8x8_cad_SendData                        0x08001e7b   Thumb Code    26  u8x8_cad.o(i.u8x8_cad_SendData)
    u8x8_cad_SendSequence                    0x08001e95   Thumb Code   124  u8x8_cad.o(i.u8x8_cad_SendSequence)
    u8x8_cad_StartTransfer                   0x08001f11   Thumb Code    18  u8x8_cad.o(i.u8x8_cad_StartTransfer)
    u8x8_cad_ssd13xx_fast_i2c                0x08001f25   Thumb Code   208  u8x8_cad.o(i.u8x8_cad_ssd13xx_fast_i2c)
    u8x8_d_helper_display_init               0x08001ff9   Thumb Code    96  u8x8_display.o(i.u8x8_d_helper_display_init)
    u8x8_d_helper_display_setup_memory       0x08002059   Thumb Code    12  u8x8_display.o(i.u8x8_d_helper_display_setup_memory)
    u8x8_d_ssd1306_128x64_noname             0x08002065   Thumb Code    76  u8x8_d_ssd1306_128x64_noname.o(i.u8x8_d_ssd1306_128x64_noname)
    u8x8_dummy_cb                            0x080021bd   Thumb Code     8  u8x8_setup.o(i.u8x8_dummy_cb)
    u8x8_gpio_and_delay_stm32l0              0x080021c5   Thumb Code   148  oled.o(i.u8x8_gpio_and_delay_stm32l0)
    u8x8_gpio_call                           0x0800225d   Thumb Code    26  u8x8_gpio.o(i.u8x8_gpio_call)
    u8x8_utf8_init                           0x080022a5   Thumb Code     8  u8x8_8x8.o(i.u8x8_utf8_init)
    __aeabi_ddiv                             0x080022ad   Thumb Code     0  ddiv.o(x$fpl$ddiv)
    _ddiv                                    0x080022ad   Thumb Code   552  ddiv.o(x$fpl$ddiv)
    __aeabi_d2iz                             0x0800255d   Thumb Code     0  dfix.o(x$fpl$dfix)
    _dfix                                    0x0800255d   Thumb Code    94  dfix.o(x$fpl$dfix)
    __aeabi_i2d                              0x080025bb   Thumb Code     0  dflt_clz.o(x$fpl$dflt)
    _dflt                                    0x080025bb   Thumb Code    46  dflt_clz.o(x$fpl$dflt)
    __aeabi_dmul                             0x080025e9   Thumb Code     0  dmul.o(x$fpl$dmul)
    _dmul                                    0x080025e9   Thumb Code   332  dmul.o(x$fpl$dmul)
    __fpl_dnaninf                            0x0800273d   Thumb Code   156  dnaninf.o(x$fpl$dnaninf)
    __fpl_dretinf                            0x080027d9   Thumb Code    12  dretinf.o(x$fpl$dretinf)
    __I$use$fp                               0x080027e4   Number         0  usenofp.o(x$fpl$usenofp)
    u8g2_cb_r0                               0x080027e4   Data          12  u8g2_setup.o(.constdata)
    u8g2_cb_r1                               0x080027f0   Data          12  u8g2_setup.o(.constdata)
    u8g2_cb_r2                               0x080027fc   Data          12  u8g2_setup.o(.constdata)
    u8g2_cb_r3                               0x08002808   Data          12  u8g2_setup.o(.constdata)
    u8g2_cb_mirror                           0x08002814   Data          12  u8g2_setup.o(.constdata)
    u8g2_cb_mirror_vertical                  0x08002820   Data          12  u8g2_setup.o(.constdata)
    u8g2_font_u8glib_4_tf                    0x08002984   Data        1782  u8g2_fonts.o(.constdata)
    u8g2_font_4x6_tr                         0x0800307a   Data         723  u8g2_fonts.o(.constdata)
    u8g2_font_5x7_tf                         0x0800334d   Data        1612  u8g2_fonts.o(.constdata)
    u8g2_font_ncenB08_tf                     0x08003999   Data        2465  u8g2_fonts.o(.constdata)
    u8g2_font_ncenB10_tf                     0x0800433a   Data        3358  u8g2_fonts.o(.constdata)
    u8g2_font_ncenB10_tr                     0x08005058   Data        1559  u8g2_fonts.o(.constdata)
    u8g2_font_ncenB12_tf                     0x0800566f   Data        3863  u8g2_fonts.o(.constdata)
    u8g2_font_inb24_mf                       0x08006586   Data        8821  u8g2_fonts.o(.constdata)
    Region$$Table$$Base                      0x080087fc   Number         0  anon$$obj.o(Region$$Table)
    Region$$Table$$Limit                     0x0800881c   Number         0  anon$$obj.o(Region$$Table)
    SystemCoreClock                          0x20000000   Data           4  system_stm32f10x.o(.data)
    AHBPrescTable                            0x20000004   Data          16  system_stm32f10x.o(.data)
    __stdout                                 0x20000018   Data           4  usart.o(.data)
    USART_RX_STA                             0x2000001c   Data           2  usart.o(.data)
    u8g2                                     0x20000024   Data         148  main.o(.bss)
    USART_RX_BUF                             0x200000b8   Data         200  usart.o(.bss)
    __libspace_start                         0x20000580   Data          96  libspace.o(.bss)
    __temporary_stack_top$libspace           0x200005e0   Data           0  libspace.o(.bss)



==============================================================================

Memory Map of the image

  Image Entry point : 0x080001d5

  Load Region LR_1 (Base: 0x08000000, Size: 0x00008840, Max: 0xffffffff, ABSOLUTE)

    Execution Region ER_RO (Exec base: 0x08000000, Load base: 0x08000000, Size: 0x0000881c, Max: 0xffffffff, ABSOLUTE)

    Exec Addr    Load Addr    Size         Type   Attr      Idx    E Section Name        Object

    0x08000000   0x08000000   0x00000130   Data   RO          368    RESET               startup_stm32f10x_hd.o
    0x08000130   0x08000130   0x00000008   Code   RO         6171  * !!!main             c_w.l(__main.o)
    0x08000138   0x08000138   0x00000034   Code   RO         6360    !!!scatter          c_w.l(__scatter.o)
    0x0800016c   0x0800016c   0x0000001a   Code   RO         6362    !!handler_copy      c_w.l(__scatter_copy.o)
    0x08000186   0x08000186   0x00000002   PAD
    0x08000188   0x08000188   0x0000001c   Code   RO         6364    !!handler_zi        c_w.l(__scatter_zi.o)
    0x080001a4   0x080001a4   0x00000000   Code   RO         6164    .ARM.Collect$$_printf_percent$$00000000  c_w.l(_printf_percent.o)
    0x080001a4   0x080001a4   0x00000006   Code   RO         6163    .ARM.Collect$$_printf_percent$$00000009  c_w.l(_printf_d.o)
    0x080001aa   0x080001aa   0x00000004   Code   RO         6202    .ARM.Collect$$_printf_percent$$00000017  c_w.l(_printf_percent_end.o)
    0x080001ae   0x080001ae   0x00000002   Code   RO         6234    .ARM.Collect$$libinit$$00000000  c_w.l(libinit.o)
    0x080001b0   0x080001b0   0x00000000   Code   RO         6241    .ARM.Collect$$libinit$$00000002  c_w.l(libinit2.o)
    0x080001b0   0x080001b0   0x00000000   Code   RO         6243    .ARM.Collect$$libinit$$00000004  c_w.l(libinit2.o)
    0x080001b0   0x080001b0   0x00000000   Code   RO         6246    .ARM.Collect$$libinit$$0000000A  c_w.l(libinit2.o)
    0x080001b0   0x080001b0   0x00000000   Code   RO         6248    .ARM.Collect$$libinit$$0000000C  c_w.l(libinit2.o)
    0x080001b0   0x080001b0   0x00000000   Code   RO         6250    .ARM.Collect$$libinit$$0000000E  c_w.l(libinit2.o)
    0x080001b0   0x080001b0   0x00000000   Code   RO         6253    .ARM.Collect$$libinit$$00000011  c_w.l(libinit2.o)
    0x080001b0   0x080001b0   0x00000000   Code   RO         6255    .ARM.Collect$$libinit$$00000013  c_w.l(libinit2.o)
    0x080001b0   0x080001b0   0x00000000   Code   RO         6257    .ARM.Collect$$libinit$$00000015  c_w.l(libinit2.o)
    0x080001b0   0x080001b0   0x00000000   Code   RO         6259    .ARM.Collect$$libinit$$00000017  c_w.l(libinit2.o)
    0x080001b0   0x080001b0   0x00000000   Code   RO         6261    .ARM.Collect$$libinit$$00000019  c_w.l(libinit2.o)
    0x080001b0   0x080001b0   0x00000000   Code   RO         6263    .ARM.Collect$$libinit$$0000001B  c_w.l(libinit2.o)
    0x080001b0   0x080001b0   0x00000000   Code   RO         6265    .ARM.Collect$$libinit$$0000001D  c_w.l(libinit2.o)
    0x080001b0   0x080001b0   0x00000000   Code   RO         6267    .ARM.Collect$$libinit$$0000001F  c_w.l(libinit2.o)
    0x080001b0   0x080001b0   0x00000000   Code   RO         6269    .ARM.Collect$$libinit$$00000021  c_w.l(libinit2.o)
    0x080001b0   0x080001b0   0x00000000   Code   RO         6271    .ARM.Collect$$libinit$$00000023  c_w.l(libinit2.o)
    0x080001b0   0x080001b0   0x00000000   Code   RO         6273    .ARM.Collect$$libinit$$00000025  c_w.l(libinit2.o)
    0x080001b0   0x080001b0   0x00000000   Code   RO         6277    .ARM.Collect$$libinit$$0000002C  c_w.l(libinit2.o)
    0x080001b0   0x080001b0   0x00000000   Code   RO         6279    .ARM.Collect$$libinit$$0000002E  c_w.l(libinit2.o)
    0x080001b0   0x080001b0   0x00000000   Code   RO         6281    .ARM.Collect$$libinit$$00000030  c_w.l(libinit2.o)
    0x080001b0   0x080001b0   0x00000000   Code   RO         6283    .ARM.Collect$$libinit$$00000032  c_w.l(libinit2.o)
    0x080001b0   0x080001b0   0x00000002   Code   RO         6284    .ARM.Collect$$libinit$$00000033  c_w.l(libinit2.o)
    0x080001b2   0x080001b2   0x00000002   Code   RO         6302    .ARM.Collect$$libshutdown$$00000000  c_w.l(libshutdown.o)
    0x080001b4   0x080001b4   0x00000000   Code   RO         6312    .ARM.Collect$$libshutdown$$00000002  c_w.l(libshutdown2.o)
    0x080001b4   0x080001b4   0x00000000   Code   RO         6314    .ARM.Collect$$libshutdown$$00000004  c_w.l(libshutdown2.o)
    0x080001b4   0x080001b4   0x00000000   Code   RO         6317    .ARM.Collect$$libshutdown$$00000007  c_w.l(libshutdown2.o)
    0x080001b4   0x080001b4   0x00000000   Code   RO         6320    .ARM.Collect$$libshutdown$$0000000A  c_w.l(libshutdown2.o)
    0x080001b4   0x080001b4   0x00000000   Code   RO         6322    .ARM.Collect$$libshutdown$$0000000C  c_w.l(libshutdown2.o)
    0x080001b4   0x080001b4   0x00000000   Code   RO         6325    .ARM.Collect$$libshutdown$$0000000F  c_w.l(libshutdown2.o)
    0x080001b4   0x080001b4   0x00000002   Code   RO         6326    .ARM.Collect$$libshutdown$$00000010  c_w.l(libshutdown2.o)
    0x080001b6   0x080001b6   0x00000000   Code   RO         6195    .ARM.Collect$$rtentry$$00000000  c_w.l(__rtentry.o)
    0x080001b6   0x080001b6   0x00000000   Code   RO         6209    .ARM.Collect$$rtentry$$00000002  c_w.l(__rtentry2.o)
    0x080001b6   0x080001b6   0x00000006   Code   RO         6221    .ARM.Collect$$rtentry$$00000004  c_w.l(__rtentry4.o)
    0x080001bc   0x080001bc   0x00000000   Code   RO         6211    .ARM.Collect$$rtentry$$00000009  c_w.l(__rtentry2.o)
    0x080001bc   0x080001bc   0x00000004   Code   RO         6212    .ARM.Collect$$rtentry$$0000000A  c_w.l(__rtentry2.o)
    0x080001c0   0x080001c0   0x00000000   Code   RO         6214    .ARM.Collect$$rtentry$$0000000C  c_w.l(__rtentry2.o)
    0x080001c0   0x080001c0   0x00000008   Code   RO         6215    .ARM.Collect$$rtentry$$0000000D  c_w.l(__rtentry2.o)
    0x080001c8   0x080001c8   0x00000002   Code   RO         6238    .ARM.Collect$$rtexit$$00000000  c_w.l(rtexit.o)
    0x080001ca   0x080001ca   0x00000000   Code   RO         6286    .ARM.Collect$$rtexit$$00000002  c_w.l(rtexit2.o)
    0x080001ca   0x080001ca   0x00000004   Code   RO         6287    .ARM.Collect$$rtexit$$00000003  c_w.l(rtexit2.o)
    0x080001ce   0x080001ce   0x00000006   Code   RO         6288    .ARM.Collect$$rtexit$$00000004  c_w.l(rtexit2.o)
    0x080001d4   0x080001d4   0x00000040   Code   RO          369  * .text               startup_stm32f10x_hd.o
    0x08000214   0x08000214   0x00000002   Code   RO         6133    .text               c_w.l(use_no_semi_2.o)
    0x08000216   0x08000216   0x00000002   PAD
    0x08000218   0x08000218   0x00000028   Code   RO         6137    .text               c_w.l(noretval__2sprintf.o)
    0x08000240   0x08000240   0x00000068   Code   RO         6139    .text               c_w.l(__printf.o)
    0x080002a8   0x080002a8   0x00000078   Code   RO         6141    .text               c_w.l(_printf_dec.o)
    0x08000320   0x08000320   0x00000044   Code   RO         6165    .text               c_w.l(rt_memclr.o)
    0x08000364   0x08000364   0x0000004e   Code   RO         6167    .text               c_w.l(rt_memclr_w.o)
    0x080003b2   0x080003b2   0x00000006   Code   RO         6169    .text               c_w.l(heapauxi.o)
    0x080003b8   0x080003b8   0x00000002   Code   RO         6193    .text               c_w.l(use_no_semi.o)
    0x080003ba   0x080003ba   0x000000b2   Code   RO         6196    .text               c_w.l(_printf_intcommon.o)
    0x0800046c   0x0800046c   0x00000030   Code   RO         6198    .text               c_w.l(_printf_char_common.o)
    0x0800049c   0x0800049c   0x0000000a   Code   RO         6200    .text               c_w.l(_sputc.o)
    0x080004a6   0x080004a6   0x0000004a   Code   RO         6225    .text               c_w.l(sys_stackheap_outer.o)
    0x080004f0   0x080004f0   0x00000012   Code   RO         6227    .text               c_w.l(exit.o)
    0x08000502   0x08000502   0x00000002   PAD
    0x08000504   0x08000504   0x00000008   Code   RO         6235    .text               c_w.l(libspace.o)
    0x0800050c   0x0800050c   0x00000004   Code   RO          137    i.BusFault_Handler  stm32f10x_it.o
    0x08000510   0x08000510   0x00000002   Code   RO          138    i.DebugMon_Handler  stm32f10x_it.o
    0x08000512   0x08000512   0x00000116   Code   RO         1524    i.GPIO_Init         stm32f10x_gpio.o
    0x08000628   0x08000628   0x00000004   Code   RO         1531    i.GPIO_ResetBits    stm32f10x_gpio.o
    0x0800062c   0x0800062c   0x00000004   Code   RO         1532    i.GPIO_SetBits      stm32f10x_gpio.o
    0x08000630   0x08000630   0x00000004   Code   RO          139    i.HardFault_Handler  stm32f10x_it.o
    0x08000634   0x08000634   0x00000004   Code   RO          140    i.MemManage_Handler  stm32f10x_it.o
    0x08000638   0x08000638   0x00000002   Code   RO          141    i.NMI_Handler       stm32f10x_it.o
    0x0800063a   0x0800063a   0x00000002   PAD
    0x0800063c   0x0800063c   0x0000002c   Code   RO         6045    i.OLED_Init         oled.o
    0x08000668   0x08000668   0x00000002   Code   RO          142    i.PendSV_Handler    stm32f10x_it.o
    0x0800066a   0x0800066a   0x00000002   PAD
    0x0800066c   0x0800066c   0x00000020   Code   RO         1942    i.RCC_APB2PeriphClockCmd  stm32f10x_rcc.o
    0x0800068c   0x0800068c   0x00000002   Code   RO          143    i.SVC_Handler       stm32f10x_it.o
    0x0800068e   0x0800068e   0x00000008   Code   RO          200    i.SetSysClock       system_stm32f10x.o
    0x08000696   0x08000696   0x00000002   PAD
    0x08000698   0x08000698   0x000000e0   Code   RO          201    i.SetSysClockTo72   system_stm32f10x.o
    0x08000778   0x08000778   0x00000028   Code   RO          377    i.SysTick_CLKSourceConfig  misc.o
    0x080007a0   0x080007a0   0x00000002   Code   RO          144    i.SysTick_Handler   stm32f10x_it.o
    0x080007a2   0x080007a2   0x00000002   PAD
    0x080007a4   0x080007a4   0x00000060   Code   RO          203    i.SystemInit        system_stm32f10x.o
    0x08000804   0x08000804   0x00000088   Code   RO          315    i.USART1_IRQHandler  usart.o
    0x0800088c   0x0800088c   0x00000054   Code   RO         3114    i.USART_GetITStatus  stm32f10x_usart.o
    0x080008e0   0x080008e0   0x0000000a   Code   RO         3124    i.USART_ReceiveData  stm32f10x_usart.o
    0x080008ea   0x080008ea   0x00000004   Code   RO          145    i.UsageFault_Handler  stm32f10x_it.o
    0x080008ee   0x080008ee   0x00000004   Code   RO          316    i._sys_exit         usart.o
    0x080008f2   0x080008f2   0x00000002   PAD
    0x080008f4   0x080008f4   0x00000044   Code   RO          234    i.delay_init        delay.o
    0x08000938   0x08000938   0x0000004c   Code   RO          235    i.delay_ms          delay.o
    0x08000984   0x08000984   0x0000004c   Code   RO          236    i.delay_us          delay.o
    0x080009d0   0x080009d0   0x00000010   Code   RO         5327    i.i2c_clear_scl     u8x8_byte.o
    0x080009e0   0x080009e0   0x00000010   Code   RO         5328    i.i2c_clear_sda     u8x8_byte.o
    0x080009f0   0x080009f0   0x00000012   Code   RO         5329    i.i2c_delay         u8x8_byte.o
    0x08000a02   0x08000a02   0x00000020   Code   RO         5330    i.i2c_init          u8x8_byte.o
    0x08000a22   0x08000a22   0x0000002a   Code   RO         5331    i.i2c_read_bit      u8x8_byte.o
    0x08000a4c   0x08000a4c   0x00000016   Code   RO         5332    i.i2c_read_scl_and_delay  u8x8_byte.o
    0x08000a62   0x08000a62   0x00000010   Code   RO         5333    i.i2c_read_sda      u8x8_byte.o
    0x08000a72   0x08000a72   0x0000003c   Code   RO         5334    i.i2c_start         u8x8_byte.o
    0x08000aae   0x08000aae   0x0000002a   Code   RO         5335    i.i2c_stop          u8x8_byte.o
    0x08000ad8   0x08000ad8   0x0000002a   Code   RO         5336    i.i2c_write_bit     u8x8_byte.o
    0x08000b02   0x08000b02   0x0000005e   Code   RO         5337    i.i2c_write_byte    u8x8_byte.o
    0x08000b60   0x08000b60   0x000000a4   Code   RO            1    i.main              main.o
    0x08000c04   0x08000c04   0x000000cc   Code   RO         6072    i.testDrawProcess   u8ge_test.o
    0x08000cd0   0x08000cd0   0x0000000c   Code   RO         6076    i.u8g2DrawTest      u8ge_test.o
    0x08000cdc   0x08000cdc   0x0000001a   Code   RO         4094    i.u8g2_ClearBuffer  u8g2_buffer.o
    0x08000cf6   0x08000cf6   0x0000004a   Code   RO         4064    i.u8g2_DrawBox      u8g2_box.o
    0x08000d40   0x08000d40   0x0000008a   Code   RO         4065    i.u8g2_DrawFrame    u8g2_box.o
    0x08000dca   0x08000dca   0x00000062   Code   RO         4303    i.u8g2_DrawGlyph    u8g2_font.o
    0x08000e2c   0x08000e2c   0x000000dc   Code   RO         4628    i.u8g2_DrawHVLine   u8g2_hvline.o
    0x08000f08   0x08000f08   0x00000024   Code   RO         4305    i.u8g2_DrawStr      u8g2_font.o
    0x08000f2c   0x08000f2c   0x0000001a   Code   RO         4095    i.u8g2_FirstPage    u8g2_buffer.o
    0x08000f46   0x08000f46   0x00000002   PAD
    0x08000f48   0x08000f48   0x00000034   Code   RO         6046    i.u8g2_Init         oled.o
    0x08000f7c   0x08000f7c   0x0000003a   Code   RO         4689    i.u8g2_IsIntersection  u8g2_intersection.o
    0x08000fb6   0x08000fb6   0x00000040   Code   RO         4096    i.u8g2_NextPage     u8g2_buffer.o
    0x08000ff6   0x08000ff6   0x00000012   Code   RO         4097    i.u8g2_SendBuffer   u8g2_buffer.o
    0x08001008   0x08001008   0x0000001c   Code   RO         4098    i.u8g2_SetBufferCurrTileRow  u8g2_buffer.o
    0x08001024   0x08001024   0x00000020   Code   RO         4322    i.u8g2_SetFont      u8g2_font.o
    0x08001044   0x08001044   0x0000000c   Code   RO         4325    i.u8g2_SetFontPosBaseline  u8g2_font.o
    0x08001050   0x08001050   0x00000020   Code   RO         4904    i.u8g2_SetMaxClipWindow  u8g2_setup.o
    0x08001070   0x08001070   0x0000005a   Code   RO         4905    i.u8g2_SetupBuffer  u8g2_setup.o
    0x080010ca   0x080010ca   0x00000002   PAD
    0x080010cc   0x080010cc   0x00000044   Code   RO         4289    i.u8g2_Setup_ssd1306_i2c_128x64_noname_f  u8g2_d_setup.o
    0x08001110   0x08001110   0x00000088   Code   RO         4332    i.u8g2_UpdateRefHeight  u8g2_font.o
    0x08001198   0x08001198   0x0000002a   Code   RO         4333    i.u8g2_add_vector_x  u8g2_font.o
    0x080011c2   0x080011c2   0x0000002a   Code   RO         4334    i.u8g2_add_vector_y  u8g2_font.o
    0x080011ec   0x080011ec   0x0000007a   Code   RO         4907    i.u8g2_apply_clip_window  u8g2_setup.o
    0x08001266   0x08001266   0x0000004c   Code   RO         4632    i.u8g2_clip_intersection2  u8g2_hvline.o
    0x080012b2   0x080012b2   0x0000002c   Code   RO         4633    i.u8g2_draw_hv_line_2dir  u8g2_hvline.o
    0x080012de   0x080012de   0x0000003c   Code   RO         4908    i.u8g2_draw_l90_mirrorr_r0  u8g2_setup.o
    0x0800131a   0x0800131a   0x00000024   Code   RO         4909    i.u8g2_draw_l90_r0  u8g2_setup.o
    0x0800133e   0x0800133e   0x00000044   Code   RO         4910    i.u8g2_draw_l90_r1  u8g2_setup.o
    0x08001382   0x08001382   0x00000056   Code   RO         4911    i.u8g2_draw_l90_r2  u8g2_setup.o
    0x080013d8   0x080013d8   0x00000050   Code   RO         4912    i.u8g2_draw_l90_r3  u8g2_setup.o
    0x08001428   0x08001428   0x0000003c   Code   RO         4913    i.u8g2_draw_mirror_vertical_r0  u8g2_setup.o
    0x08001464   0x08001464   0x00000090   Code   RO         4335    i.u8g2_draw_string  u8g2_font.o
    0x080014f4   0x080014f4   0x00000006   Code   RO         4342    i.u8g2_font_calc_vref_font  u8g2_font.o
    0x080014fa   0x080014fa   0x00000024   Code   RO         4344    i.u8g2_font_decode_get_signed_bits  u8g2_font.o
    0x0800151e   0x0800151e   0x00000042   Code   RO         4345    i.u8g2_font_decode_get_unsigned_bits  u8g2_font.o
    0x08001560   0x08001560   0x00000182   Code   RO         4346    i.u8g2_font_decode_glyph  u8g2_font.o
    0x080016e2   0x080016e2   0x000000b0   Code   RO         4347    i.u8g2_font_decode_len  u8g2_font.o
    0x08001792   0x08001792   0x0000003a   Code   RO         4348    i.u8g2_font_draw_glyph  u8g2_font.o
    0x080017cc   0x080017cc   0x00000008   Code   RO         4349    i.u8g2_font_get_byte  u8g2_font.o
    0x080017d4   0x080017d4   0x00000092   Code   RO         4350    i.u8g2_font_get_glyph_data  u8g2_font.o
    0x08001866   0x08001866   0x00000018   Code   RO         4351    i.u8g2_font_get_word  u8g2_font.o
    0x0800187e   0x0800187e   0x00000040   Code   RO         4352    i.u8g2_font_setup_decode  u8g2_font.o
    0x080018be   0x080018be   0x00000030   Code   RO         4690    i.u8g2_is_intersection_decision_tree  u8g2_intersection.o
    0x080018ee   0x080018ee   0x000000ee   Code   RO         4738    i.u8g2_ll_hvline_vertical_top_lsb  u8g2_ll_hvline.o
    0x080019dc   0x080019dc   0x00000010   Code   RO         4276    i.u8g2_m_16_8_f     u8g2_d_memory.o
    0x080019ec   0x080019ec   0x000000e0   Code   RO         4354    i.u8g2_read_font_info  u8g2_font.o
    0x08001acc   0x08001acc   0x00000036   Code   RO         4105    i.u8g2_send_buffer  u8g2_buffer.o
    0x08001b02   0x08001b02   0x00000036   Code   RO         4106    i.u8g2_send_tile_row  u8g2_buffer.o
    0x08001b38   0x08001b38   0x00000060   Code   RO         4914    i.u8g2_update_dimension_common  u8g2_setup.o
    0x08001b98   0x08001b98   0x0000000c   Code   RO         4915    i.u8g2_update_dimension_r0  u8g2_setup.o
    0x08001ba4   0x08001ba4   0x0000001c   Code   RO         4916    i.u8g2_update_dimension_r1  u8g2_setup.o
    0x08001bc0   0x08001bc0   0x0000000c   Code   RO         4917    i.u8g2_update_dimension_r2  u8g2_setup.o
    0x08001bcc   0x08001bcc   0x0000001c   Code   RO         4918    i.u8g2_update_dimension_r3  u8g2_setup.o
    0x08001be8   0x08001be8   0x00000020   Code   RO         4919    i.u8g2_update_page_win_r0  u8g2_setup.o
    0x08001c08   0x08001c08   0x00000020   Code   RO         4920    i.u8g2_update_page_win_r1  u8g2_setup.o
    0x08001c28   0x08001c28   0x0000003c   Code   RO         4921    i.u8g2_update_page_win_r2  u8g2_setup.o
    0x08001c64   0x08001c64   0x0000003c   Code   RO         4922    i.u8g2_update_page_win_r3  u8g2_setup.o
    0x08001ca0   0x08001ca0   0x00000032   Code   RO         5740    i.u8x8_DrawTile     u8x8_display.o
    0x08001cd2   0x08001cd2   0x00000012   Code   RO         5742    i.u8x8_InitDisplay  u8x8_display.o
    0x08001ce4   0x08001ce4   0x00000012   Code   RO         5744    i.u8x8_RefreshDisplay  u8x8_display.o
    0x08001cf6   0x08001cf6   0x00000014   Code   RO         5747    i.u8x8_SetPowerSave  u8x8_display.o
    0x08001d0a   0x08001d0a   0x0000002a   Code   RO         5918    i.u8x8_Setup        u8x8_setup.o
    0x08001d34   0x08001d34   0x0000002c   Code   RO         5919    i.u8x8_SetupDefaults  u8x8_setup.o
    0x08001d60   0x08001d60   0x00000012   Code   RO         5748    i.u8x8_SetupMemory  u8x8_display.o
    0x08001d72   0x08001d72   0x00000012   Code   RO         5206    i.u8x8_ascii_next   u8x8_8x8.o
    0x08001d84   0x08001d84   0x00000012   Code   RO         5342    i.u8x8_byte_EndTransfer  u8x8_byte.o
    0x08001d96   0x08001d96   0x00000010   Code   RO         5343    i.u8x8_byte_SendByte  u8x8_byte.o
    0x08001da6   0x08001da6   0x0000001a   Code   RO         5344    i.u8x8_byte_SendBytes  u8x8_byte.o
    0x08001dc0   0x08001dc0   0x00000012   Code   RO         5346    i.u8x8_byte_StartTransfer  u8x8_byte.o
    0x08001dd2   0x08001dd2   0x0000006e   Code   RO         5351    i.u8x8_byte_sw_i2c  u8x8_byte.o
    0x08001e40   0x08001e40   0x00000012   Code   RO         5478    i.u8x8_cad_EndTransfer  u8x8_cad.o
    0x08001e52   0x08001e52   0x00000014   Code   RO         5479    i.u8x8_cad_SendArg  u8x8_cad.o
    0x08001e66   0x08001e66   0x00000014   Code   RO         5480    i.u8x8_cad_SendCmd  u8x8_cad.o
    0x08001e7a   0x08001e7a   0x0000001a   Code   RO         5481    i.u8x8_cad_SendData  u8x8_cad.o
    0x08001e94   0x08001e94   0x0000007c   Code   RO         5483    i.u8x8_cad_SendSequence  u8x8_cad.o
    0x08001f10   0x08001f10   0x00000012   Code   RO         5484    i.u8x8_cad_StartTransfer  u8x8_cad.o
    0x08001f22   0x08001f22   0x00000002   PAD
    0x08001f24   0x08001f24   0x000000d4   Code   RO         5487    i.u8x8_cad_ssd13xx_fast_i2c  u8x8_cad.o
    0x08001ff8   0x08001ff8   0x00000060   Code   RO         5749    i.u8x8_d_helper_display_init  u8x8_display.o
    0x08002058   0x08002058   0x0000000c   Code   RO         5750    i.u8x8_d_helper_display_setup_memory  u8x8_display.o
    0x08002064   0x08002064   0x00000054   Code   RO         5664    i.u8x8_d_ssd1306_128x64_noname  u8x8_d_ssd1306_128x64_noname.o
    0x080020b8   0x080020b8   0x00000104   Code   RO         5666    i.u8x8_d_ssd1306_sh1106_generic  u8x8_d_ssd1306_128x64_noname.o
    0x080021bc   0x080021bc   0x00000008   Code   RO         5921    i.u8x8_dummy_cb     u8x8_setup.o
    0x080021c4   0x080021c4   0x00000098   Code   RO         6047    i.u8x8_gpio_and_delay_stm32l0  oled.o
    0x0800225c   0x0800225c   0x0000001a   Code   RO         5840    i.u8x8_gpio_call    u8x8_gpio.o
    0x08002276   0x08002276   0x0000002e   Code   RO         5495    i.u8x8_i2c_data_transfer  u8x8_cad.o
    0x080022a4   0x080022a4   0x00000008   Code   RO         5215    i.u8x8_utf8_init    u8x8_8x8.o
    0x080022ac   0x080022ac   0x000002b0   Code   RO         6174    x$fpl$ddiv          fz_ws.l(ddiv.o)
    0x0800255c   0x0800255c   0x0000005e   Code   RO         6177    x$fpl$dfix          fz_ws.l(dfix.o)
    0x080025ba   0x080025ba   0x0000002e   Code   RO         6186    x$fpl$dflt          fz_ws.l(dflt_clz.o)
    0x080025e8   0x080025e8   0x00000154   Code   RO         6191    x$fpl$dmul          fz_ws.l(dmul.o)
    0x0800273c   0x0800273c   0x0000009c   Code   RO         6203    x$fpl$dnaninf       fz_ws.l(dnaninf.o)
    0x080027d8   0x080027d8   0x0000000c   Code   RO         6205    x$fpl$dretinf       fz_ws.l(dretinf.o)
    0x080027e4   0x080027e4   0x00000000   Code   RO         6207    x$fpl$usenofp       fz_ws.l(usenofp.o)
    0x080027e4   0x080027e4   0x00000048   Data   RO         4923    .constdata          u8g2_setup.o
    0x0800282c   0x0800282c   0x00000158   Data   RO         5668    .constdata          u8x8_d_ssd1306_128x64_noname.o
    0x08002984   0x08002984   0x00005e77   Data   RO         6032    .constdata          u8g2_fonts.o
    0x080087fb   0x080087fb   0x00000001   PAD
    0x080087fc   0x080087fc   0x00000020   Data   RO         6358    Region$$Table       anon$$obj.o


    Execution Region ER_RW (Exec base: 0x20000000, Load base: 0x0800881c, Size: 0x00000024, Max: 0xffffffff, ABSOLUTE)

    Exec Addr    Load Addr    Size         Type   Attr      Idx    E Section Name        Object

    0x20000000   0x0800881c   0x00000014   Data   RW          204    .data               system_stm32f10x.o
    0x20000014   0x08008830   0x00000004   Data   RW          237    .data               delay.o
    0x20000018   0x08008834   0x00000006   Data   RW          320    .data               usart.o
    0x2000001e   0x0800883a   0x00000006   Data   RW         5497    .data               u8x8_cad.o


    Execution Region ER_ZI (Exec base: 0x20000024, Load base: 0x08008840, Size: 0x00000bbc, Max: 0xffffffff, ABSOLUTE)

    Exec Addr    Load Addr    Size         Type   Attr      Idx    E Section Name        Object

    0x20000024        -       0x00000094   Zero   RW            2    .bss                main.o
    0x200000b8        -       0x000000c8   Zero   RW          319    .bss                usart.o
    0x20000180        -       0x00000400   Zero   RW         4277    .bss                u8g2_d_memory.o
    0x20000580        -       0x00000060   Zero   RW         6236    .bss                c_w.l(libspace.o)
    0x200005e0        -       0x00000200   Zero   RW          367    HEAP                startup_stm32f10x_hd.o
    0x200007e0        -       0x00000400   Zero   RW          366    STACK               startup_stm32f10x_hd.o


==============================================================================

Image component sizes


      Code (inc. data)   RO Data    RW Data    ZI Data      Debug   Object Name

       220         26          0          4          0     204671   delay.o
       164         12          0          0        148     178735   main.o
        40          0          0          0          0        494   misc.o
         0          0          0          0          0        524   mui.o
       248         24          0          0          0       1642   oled.o
        64         26        304          0       1536        776   startup_stm32f10x_hd.o
       286          0          0          0          0       2920   stm32f10x_gpio.o
        26          0          0          0          0       3442   stm32f10x_it.o
        32          6          0          0          0        541   stm32f10x_rcc.o
        94          0          0          0          0       2652   stm32f10x_usart.o
         0          0          0          0          0         32   sys.o
       328         28          0         20          0       1937   system_stm32f10x.o
       212          0          0          0          0       1416   u8g2_box.o
       270          0          0          0          0       4250   u8g2_buffer.o
        16          6          0          0       1024        784   u8g2_d_memory.o
        68         14          0          0          0       1009   u8g2_d_setup.o
      1736         10          0          0          0      12840   u8g2_font.o
         0          0      24183          0          0        961   u8g2_fonts.o
       340          0          0          0          0       2479   u8g2_hvline.o
       106          0          0          0          0       1459   u8g2_intersection.o
       238          0          0          0          0       1346   u8g2_ll_hvline.o
       994          0         72          0          0     153288   u8g2_setup.o
       216         38          0          0          0       1157   u8ge_test.o
        26          0          0          0          0        983   u8x8_8x8.o
       588          0          0          0          0       8292   u8x8_byte.o
       484         10          0          6          0       7832   u8x8_cad.o
       344         26        344          0          0       3027   u8x8_d_ssd1306_128x64_noname.o
       232          0          0          0          0       4078   u8x8_display.o
        26          0          0          0          0        573   u8x8_gpio.o
        94          6          0          0          0       1770   u8x8_setup.o
       140         14          0          6        200       2788   usart.o

    ----------------------------------------------------------------------
      7648        246      24936         36       2908     608698   Object Totals
         0          0         32          0          0          0   (incl. Generated)
        16          0          1          0          0          0   (incl. Padding)

    ----------------------------------------------------------------------

      Code (inc. data)   RO Data    RW Data    ZI Data      Debug   Library Member Name

         8          0          0          0          0         68   __main.o
       104          0          0          0          0         84   __printf.o
         0          0          0          0          0          0   __rtentry.o
        12          0          0          0          0          0   __rtentry2.o
         6          0          0          0          0          0   __rtentry4.o
        52          8          0          0          0          0   __scatter.o
        26          0          0          0          0          0   __scatter_copy.o
        28          0          0          0          0          0   __scatter_zi.o
        48          6          0          0          0         96   _printf_char_common.o
         6          0          0          0          0          0   _printf_d.o
       120         16          0          0          0         92   _printf_dec.o
       178          0          0          0          0         88   _printf_intcommon.o
         0          0          0          0          0          0   _printf_percent.o
         4          0          0          0          0          0   _printf_percent_end.o
        10          0          0          0          0         68   _sputc.o
        18          0          0          0          0         80   exit.o
         6          0          0          0          0        152   heapauxi.o
         2          0          0          0          0          0   libinit.o
         2          0          0          0          0          0   libinit2.o
         2          0          0          0          0          0   libshutdown.o
         2          0          0          0          0          0   libshutdown2.o
         8          4          0          0         96         68   libspace.o
        40          6          0          0          0         84   noretval__2sprintf.o
        68          0          0          0          0         68   rt_memclr.o
        78          0          0          0          0         80   rt_memclr_w.o
         2          0          0          0          0          0   rtexit.o
        10          0          0          0          0          0   rtexit2.o
        74          0          0          0          0         80   sys_stackheap_outer.o
         2          0          0          0          0         68   use_no_semi.o
         2          0          0          0          0         68   use_no_semi_2.o
       688        140          0          0          0        208   ddiv.o
        94          4          0          0          0         92   dfix.o
        46          0          0          0          0         68   dflt_clz.o
       340         12          0          0          0        104   dmul.o
       156          4          0          0          0         92   dnaninf.o
        12          0          0          0          0         68   dretinf.o
         0          0          0          0          0          0   usenofp.o

    ----------------------------------------------------------------------
      2260        200          0          0         96       1876   Library Totals
         6          0          0          0          0          0   (incl. Padding)

    ----------------------------------------------------------------------

      Code (inc. data)   RO Data    RW Data    ZI Data      Debug   Library Name

       918         40          0          0         96       1244   c_w.l
      1336        160          0          0          0        632   fz_ws.l

    ----------------------------------------------------------------------
      2260        200          0          0         96       1876   Library Totals

    ----------------------------------------------------------------------

==============================================================================


      Code (inc. data)   RO Data    RW Data    ZI Data      Debug   

      9908        446      24936         36       3004     603550   Grand Totals
      9908        446      24936         36       3004     603550   ELF Image Totals
      9908        446      24936         36          0          0   ROM Totals

==============================================================================

    Total RO  Size (Code + RO Data)                34844 (  34.03kB)
    Total RW  Size (RW Data + ZI Data)              3040 (   2.97kB)
    Total ROM Size (Code + RO Data + RW Data)      34880 (  34.06kB)

==============================================================================

